Archive member included because of file (symbol)

c:/program files (x86)/microchip/xc32/v1.44/bin/bin/../../lib/gcc/pic32mx/4.8.3/../../../../pic32mx/lib\libmchp_peripheral.a(read_core_timer_lib.o)
                              build/default/production/_ext/1954962658/ETHPIC32ExtPhy.o (ReadCoreTimer)
c:/program files (x86)/microchip/xc32/v1.44/bin/bin/../../lib/gcc/pic32mx/4.8.3/../../../../pic32mx/lib\libmchp_peripheral_32MX795F512L.a(eth_ack_packet_lib.o)
                              build/default/production/_ext/1954962658/ETHPIC32IntMac.o (EthRxAcknowledgeBuffer)
c:/program files (x86)/microchip/xc32/v1.44/bin/bin/../../lib/gcc/pic32mx/4.8.3/../../../../pic32mx/lib\libmchp_peripheral_32MX795F512L.a(eth_descriptors_add_lib.o)
                              c:/program files (x86)/microchip/xc32/v1.44/bin/bin/../../lib/gcc/pic32mx/4.8.3/../../../../pic32mx/lib\libmchp_peripheral_32MX795F512L.a(eth_ack_packet_lib.o) (_EthTxFreeList)
c:/program files (x86)/microchip/xc32/v1.44/bin/bin/../../lib/gcc/pic32mx/4.8.3/../../../../pic32mx/lib\libmchp_peripheral_32MX795F512L.a(eth_init_lib.o)
                              build/default/production/_ext/1954962658/ETHPIC32IntMac.o (EthInit)
c:/program files (x86)/microchip/xc32/v1.44/bin/bin/../../lib/gcc/pic32mx/4.8.3/../../../../pic32mx/lib\libmchp_peripheral_32MX795F512L.a(eth_mac_open_lib.o)
                              build/default/production/_ext/1954962658/ETHPIC32IntMac.o (EthMACOpen)
c:/program files (x86)/microchip/xc32/v1.44/bin/bin/../../lib/gcc/pic32mx/4.8.3/../../../../pic32mx/lib\libmchp_peripheral_32MX795F512L.a(eth_mac_set_address_max_lib.o)
                              build/default/production/_ext/1954962658/ETHPIC32IntMac.o (EthMACSetAddress)
c:/program files (x86)/microchip/xc32/v1.44/bin/bin/../../lib/gcc/pic32mx/4.8.3/../../../../pic32mx/lib\libmchp_peripheral_32MX795F512L.a(eth_rx_buffers_append_lib.o)
                              build/default/production/_ext/1954962658/ETHPIC32IntMac.o (EthRxBuffersAppend)
c:/program files (x86)/microchip/xc32/v1.44/bin/bin/../../lib/gcc/pic32mx/4.8.3/../../../../pic32mx/lib\libmchp_peripheral_32MX795F512L.a(eth_rx_filters_lib.o)
                              build/default/production/_ext/1954962658/ETHPIC32IntMac.o (EthRxFiltersSet)
c:/program files (x86)/microchip/xc32/v1.44/bin/bin/../../lib/gcc/pic32mx/4.8.3/../../../../pic32mx/lib\libmchp_peripheral_32MX795F512L.a(eth_rx_get_packet_lib.o)
                              build/default/production/_ext/1954962658/ETHPIC32IntMac.o (EthRxGetBuffer)
c:/program files (x86)/microchip/xc32/v1.44/bin/bin/../../lib/gcc/pic32mx/4.8.3/../../../../pic32mx/lib\libmchp_peripheral_32MX795F512L.a(eth_rx_set_buffer_size_lib.o)
                              build/default/production/_ext/1954962658/ETHPIC32IntMac.o (EthRxSetBufferSize)
c:/program files (x86)/microchip/xc32/v1.44/bin/bin/../../lib/gcc/pic32mx/4.8.3/../../../../pic32mx/lib\libmchp_peripheral_32MX795F512L.a(eth_tx_packet_lib.o)
                              build/default/production/_ext/1954962658/ETHPIC32IntMac.o (EthTxSendBuffer)
c:/program files (x86)/microchip/xc32/v1.44/bin/bin/../../lib/gcc/pic32mx/4.8.3/../../../../pic32mx/lib\libmchp_peripheral_32MX795F512L.a(_eth_append_busy_list_lib.o)
                              c:/program files (x86)/microchip/xc32/v1.44/bin/bin/../../lib/gcc/pic32mx/4.8.3/../../../../pic32mx/lib\libmchp_peripheral_32MX795F512L.a(eth_ack_packet_lib.o) (_EthAppendBusyList)
c:/program files (x86)/microchip/xc32/v1.44/bin/bin/../../lib/gcc/pic32mx/4.8.3/../../../../pic32mx/lib\libmchp_peripheral_32MX795F512L.a(eth_miim_access.o)
                              build/default/production/_ext/1954962658/ETHPIC32ExtPhy.o (EthMIIMReadStart)
c:/program files (x86)/microchip/xc32/v1.44/bin/bin/../../lib/gcc/pic32mx/4.8.3/../../../../pic32mx/lib\libmchp_peripheral_32MX795F512L.a(pcache.o)
                              build/default/production/_ext/1472/MainDemo.o (CheKseg0CacheOn)
c:/program files (x86)/microchip/xc32/v1.44/bin/bin/../../lib/gcc/pic32mx/4.8.3/../../../../pic32mx/lib\libmchp_peripheral_32MX795F512L.a(int_disable_interrupts_lib.o)
                              build/default/production/_ext/1472/MainDemo.o (INTDisableInterrupts)
c:/program files (x86)/microchip/xc32/v1.44/bin/bin/../../lib/gcc/pic32mx/4.8.3/../../../../pic32mx/lib\libmchp_peripheral_32MX795F512L.a(int_restore_interrupts_lib.o)
                              build/default/production/_ext/1472/MainDemo.o (INTRestoreInterrupts)
c:/program files (x86)/microchip/xc32/v1.44/bin/bin/../../lib/gcc/pic32mx/4.8.3/../../../../pic32mx/lib\libmchp_peripheral_32MX795F512L.a(int_enable_mv_int_lib.o)
                              build/default/production/_ext/1472/MainDemo.o (INTEnableSystemMultiVectoredInt)
c:/program files (x86)/microchip/xc32/v1.44/bin/bin/../../lib/gcc/pic32mx/4.8.3/../../../../pic32mx/lib\libmchp_peripheral_32MX795F512L.a(int_tbl_lib.o)
[...]
Memory Configuration

Name             Origin             Length             Attributes
kseg0_program_mem 0x9d000000         0x00080000         xr
kseg0_boot_mem   0x9fc00490         0x00000970
exception_mem    0x9fc01000         0x00001000
kseg1_boot_mem   0xbfc00000         0x00000490
debug_exec_mem   0xbfc02000         0x00000ff0
config3          0xbfc02ff0         0x00000004
config2          0xbfc02ff4         0x00000004
config1          0xbfc02ff8         0x00000004
config0          0xbfc02ffc         0x00000004
kseg1_data_mem   0xa0000000         0x00020000         w !x
sfrs             0xbf800000         0x00100000
configsfrs       0xbfc02ff0         0x00000010
*default*        0x00000000         0xffffffff

Linker script and memory map

LOAD c:/program files (x86)/microchip/xc32/v1.44/bin/bin/../../lib/gcc/pic32mx/4.8.3/../../../../pic32mx/lib/./proc/32MX795F512L/crt0_mips32r2.o
LOAD c:/program files (x86)/microchip/xc32/v1.44/bin/bin/../../lib/gcc/pic32mx/4.8.3/../../../../pic32mx/lib\debug-exception-return.o
LOAD build/default/production/_ext/1472/BerkeleyTCPClientDemo.o
LOAD build/default/production/_ext/1472/BerkeleyTCPServerDemo.o
LOAD build/default/production/_ext/1472/BerkeleyUDPClientDemo.o
LOAD build/default/production/_ext/1472/GenericTCPClient.o
LOAD build/default/production/_ext/1472/GenericTCPServer.o
LOAD build/default/production/_ext/1472/PingDemo.o
LOAD build/default/production/_ext/1472/SMTPDemo.o
LOAD build/default/production/_ext/1472/UARTConfig.o
LOAD build/default/production/_ext/1954962658/Announce.o
LOAD build/default/production/_ext/1954962658/ARCFOUR.o
LOAD build/default/production/_ext/1954962658/ARP.o
LOAD build/default/production/_ext/1954962658/AutoIP.o
LOAD build/default/production/_ext/1954962658/BerkeleyAPI.o
LOAD build/default/production/_ext/1954962658/BigInt.o
LOAD build/default/production/_ext/1954962658/Delay.o
LOAD build/default/production/_ext/1954962658/DHCP.o
LOAD build/default/production/_ext/1954962658/DHCPs.o
LOAD build/default/production/_ext/1954962658/DNS.o
LOAD build/default/production/_ext/1954962658/DNSs.o
LOAD build/default/production/_ext/1954962658/DynDNS.o
LOAD build/default/production/_ext/1954962658/ENC28J60.o
LOAD build/default/production/_ext/1954962658/ENCX24J600.o
LOAD build/default/production/_ext/1954962658/ETHPIC32ExtPhy.o
LOAD build/default/production/_ext/1954962658/ETHPIC32IntMac.o
LOAD build/default/production/_ext/1954962658/FileSystem.o
LOAD build/default/production/_ext/1954962658/FTP.o
LOAD build/default/production/_ext/1954962658/Hashes.o
LOAD build/default/production/_ext/1954962658/Helpers.o
LOAD build/default/production/_ext/1954962658/HTTP2.o
LOAD build/default/production/_ext/1954962658/ICMP.o
LOAD build/default/production/_ext/1954962658/IP.o
LOAD build/default/production/_ext/1954962658/LCDBlocking.o
LOAD build/default/production/_ext/1954962658/MPFS2.o
LOAD build/default/production/_ext/1954962658/NBNS.o
LOAD build/default/production/_ext/1954962658/Random.o
LOAD build/default/production/_ext/1954962658/Reboot.o
LOAD build/default/production/_ext/1954962658/RSA.o
LOAD build/default/production/_ext/1954962658/SMTP.o
LOAD build/default/production/_ext/1954962658/SNMP.o
LOAD build/default/production/_ext/1954962658/SNMPv3.o
LOAD build/default/production/_ext/1954962658/SNMPv3USM.o
LOAD build/default/production/_ext/1954962658/SNTP.o
LOAD build/default/production/_ext/1954962658/SPIEEPROM.o
LOAD build/default/production/_ext/1954962658/SPIFlash.o
LOAD build/default/production/_ext/1954962658/SPIRAM.o
LOAD build/default/production/_ext/1954962658/SSL.o
LOAD build/default/production/_ext/1954962658/StackTsk.o
LOAD build/default/production/_ext/1954962658/TCP.o
LOAD build/default/production/_ext/1954962658/TCPPerformanceTest.o
LOAD build/default/production/_ext/1954962658/Telnet.o
LOAD build/default/production/_ext/1954962658/TFTPc.o
LOAD build/default/production/_ext/1954962658/Tick.o
LOAD build/default/production/_ext/1954962658/UART2TCPBridge.o
LOAD build/default/production/_ext/1954962658/UART.o
LOAD build/default/production/_ext/1954962658/UDP.o
LOAD build/default/production/_ext/1954962658/UDPPerformanceTest.o
LOAD build/default/production/_ext/1954962658/ZeroconfHelper.o
LOAD build/default/production/_ext/1954962658/ZeroconfLinkLocal.o
LOAD build/default/production/_ext/1954962658/ZeroconfMulticastDNS.o
LOAD build/default/production/_ext/1472/MPFSImg2.o
LOAD build/default/production/_ext/1954962658/BigInt_helper_PIC32.o
LOAD build/default/production/_ext/1954962658/ETHPIC32ExtPhySMSC8720.o
LOAD build/default/production/_ext/1472/CustomHTTPApp.o
LOAD build/default/production/_ext/1472/CustomSNMPApp.o
LOAD build/default/production/_ext/1472/CustomSSLCert.o
LOAD build/default/production/_ext/1472/MainDemo.o
LOAD build/default/production/_ext/1472/LEDTCPServer.o
                0x00000001                __MPLAB_BUILD = 0x1
                0x00003e80                _min_heap_size = 0x3e80
                0x00000800                _min_stack_size = 0x800
LOAD c:/program files (x86)/microchip/xc32/v1.44/bin/bin/../../lib/gcc/pic32mx/4.8.3/../../../../pic32mx/lib/./proc/32MX795F512L\default_isr_vectors.o
LOAD c:/program files (x86)/microchip/xc32/v1.44/bin/bin/../../lib/gcc/pic32mx/4.8.3/../../../../pic32mx/lib\pic32_software_reset.o
                0x00000400                PROVIDE (_min_stack_size, 0x400)
LOAD c:/program files (x86)/microchip/xc32/v1.44/bin/bin/../../lib/gcc/pic32mx/4.8.3/../../../../pic32mx/lib/./proc/32MX795F512L\processor.o
START GROUP
LOAD c:/program files (x86)/microchip/xc32/v1.44/bin/bin/../../lib/gcc/pic32mx/4.8.3/../../../../pic32mx/lib\libmchp_peripheral.a
END GROUP
START GROUP
LOAD c:/program files (x86)/microchip/xc32/v1.44/bin/bin/../../lib/gcc/pic32mx/4.8.3/../../../../pic32mx/lib\libmchp_peripheral_32MX795F512L.a
END GROUP
                0x00000001                PROVIDE (_vector_spacing, 0x1)
                0x9fc01000                PROVIDE (_ebase_address, 0x9fc01000)
                0xbfc00000                _RESET_ADDR = 0xbfc00000
                0xbfc00380                _BEV_EXCPT_ADDR = 0xbfc00380
                0xbfc00480                _DBG_EXCPT_ADDR = 0xbfc00480
                0xbfc02000                _DBG_CODE_ADDR = 0xbfc02000
                0x00000ff0                _DBG_CODE_SIZE = 0xff0
                0x9fc01180                _GEN_EXCPT_ADDR = (_ebase_address + 0x180)

.config_BFC02FF0
                0xbfc02ff0        0x4
 *(.config_BFC02FF0)
 .config_BFC02FF0
                0xbfc02ff0        0x4 build/default/production/_ext/1472/MainDemo.o

.config_BFC02FF4
                0xbfc02ff4        0x4
 *(.config_BFC02FF4)
 .config_BFC02FF4
                0xbfc02ff4        0x4 build/default/production/_ext/1472/MainDemo.o

.config_BFC02FF8
                0xbfc02ff8        0x4
 *(.config_BFC02FF8)
 .config_BFC02FF8
                0xbfc02ff8        0x4 build/default/production/_ext/1472/MainDemo.o

.config_BFC02FFC
                0xbfc02ffc        0x4
 *(.config_BFC02FFC)
 .config_BFC02FFC
                0xbfc02ffc        0x4 build/default/production/_ext/1472/MainDemo.o
                0xbfc02000                PROVIDE (_DBG_CODE_ADDR, 0xbfc02000)
                0x00000ff0                PROVIDE (_DBG_CODE_SIZE, 0xff0)

.reset          0xbfc00000      0x208
 *(.reset)
 .reset         0xbfc00000        0x8 c:/program files (x86)/microchip/xc32/v1.44/bin/bin/../../lib/gcc/pic32mx/4.8.3/../../../../pic32mx/lib/./proc/32MX795F512L/crt0_mips32r2.o
                0xbfc00000                _reset
 *(.reset.startup)
 .reset.startup
                0xbfc00008      0x200 c:/program files (x86)/microchip/xc32/v1.44/bin/bin/../../lib/gcc/pic32mx/4.8.3/../../../../pic32mx/lib/./proc/32MX795F512L/crt0_mips32r2.o
                0xbfc00008                _startup

.bev_excpt      0xbfc00380       0x10
 *(.bev_handler)
 .bev_handler   0xbfc00380       0x10 c:/program files (x86)/microchip/xc32/v1.44/bin/bin/../../lib/gcc/pic32mx/4.8.3/../../../../pic32mx/lib/./proc/32MX795F512L/crt0_mips32r2.o

.dbg_excpt      0xbfc00480        0x0
                0xbfc00480                . = (. + DEFINED (_DEBUGGER)?0x8:0x0)

.dbg_code       0xbfc02000        0x0
                0xbfc02000                . = (. + DEFINED (_DEBUGGER)?_DBG_CODE_SIZE:0x0)

.app_excpt      0x9fc01180       0x10
 *(.gen_handler)
 .gen_handler   0x9fc01180       0x10 c:/program files (x86)/microchip/xc32/v1.44/bin/bin/../../lib/gcc/pic32mx/4.8.3/../../../../pic32mx/lib/./proc/32MX795F512L/crt0_mips32r2.o

.vector_0       0x9fc01200        0x8
 *(.vector_0)
 .vector_0      0x9fc01200        0x8 c:/program files (x86)/microchip/xc32/v1.44/bin/bin/../../lib/gcc/pic32mx/4.8.3/../../../../pic32mx/lib\libpic32.a(vector0.o)
                0x9fc01200                __vector_dispatch_0
                0x00000001                ASSERT (((_vector_spacing == 0x0) || (SIZEOF (.vector_0) <= (_vector_spacing << 0x5))), function at exception vector 0 too large)

.vector_1       0x9fc01220        0x8
 *(.vector_1)
 .vector_1      0x9fc01220        0x8 c:/program files (x86)/microchip/xc32/v1.44/bin/bin/../../lib/gcc/pic32mx/4.8.3/../../../../pic32mx/lib\libpic32.a(vector1.o)
                0x9fc01220                __vector_dispatch_1
                0x00000001                ASSERT (((_vector_spacing == 0x0) || (SIZEOF (.vector_1) <= (_vector_spacing << 0x5))), function at exception vector 1 too large)

.vector_2       0x9fc01240        0x8
 *(.vector_2)
 .vector_2      0x9fc01240        0x8 c:/program files (x86)/microchip/xc32/v1.44/bin/bin/../../lib/gcc/pic32mx/4.8.3/../../../../pic32mx/lib\libpic32.a(vector2.o)
                0x9fc01240                __vector_dispatch_2
                0x00000001                ASSERT (((_vector_spacing == 0x0) || (SIZEOF (.vector_2) <= (_vector_spacing << 0x5))), function at exception vector 2 too large)

.vector_3       0x9fc01260        0x8
 *(.vector_3)
 .vector_3      0x9fc01260        0x8 c:/program files (x86)/microchip/xc32/v1.44/bin/bin/../../lib/gcc/pic32mx/4.8.3/../../../../pic32mx/lib\libpic32.a(vector3.o)
                0x9fc01260                __vector_dispatch_3
                0x00000001                ASSERT (((_vector_spacing == 0x0) || (SIZEOF (.vector_3) <= (_vector_spacing << 0x5))), function at exception vector 3 too large)

.vector_4       0x9fc01280        0x8
 *(.vector_4)
 .vector_4      0x9fc01280        0x8 build/default/production/_ext/1954962658/Tick.o
                0x9fc01280                __vector_dispatch_4
                0x00000001                ASSERT (((_vector_spacing == 0x0) || (SIZEOF (.vector_4) <= (_vector_spacing << 0x5))), function at exception vector 4 too large)

.vector_5       0x9fc012a0        0x8
 *(.vector_5)
 .vector_5      0x9fc012a0        0x8 c:/program files (x86)/microchip/xc32/v1.44/bin/bin/../../lib/gcc/pic32mx/4.8.3/../../../../pic32mx/lib\libpic32.a(vector5.o)
                0x9fc012a0                __vector_dispatch_5
                0x00000001                ASSERT (((_vector_spacing == 0x0) || (SIZEOF (.vector_5) <= (_vector_spacing << 0x5))), function at exception vector 5 too large)

.vector_6       0x9fc012c0        0x8
 *(.vector_6)
 .vector_6      0x9fc012c0        0x8 c:/program files (x86)/microchip/xc32/v1.44/bin/bin/../../lib/gcc/pic32mx/4.8.3/../../../../pic32mx/lib\libpic32.a(vector6.o)
                0x9fc012c0                __vector_dispatch_6
                0x00000001                ASSERT (((_vector_spacing == 0x0) || (SIZEOF (.vector_6) <= (_vector_spacing << 0x5))), function at exception vector 6 too large)

.vector_7       0x9fc012e0        0x8
 *(.vector_7)
 .vector_7      0x9fc012e0        0x8 c:/program files (x86)/microchip/xc32/v1.44/bin/bin/../../lib/gcc/pic32mx/4.8.3/../../../../pic32mx/lib\libpic32.a(vector7.o)
                0x9fc012e0                __vector_dispatch_7
                0x00000001                ASSERT (((_vector_spacing == 0x0) || (SIZEOF (.vector_7) <= (_vector_spacing << 0x5))), function at exception vector 7 too large)

.vector_8       0x9fc01300        0x8
 *(.vector_8)
 .vector_8      0x9fc01300        0x8 c:/program files (x86)/microchip/xc32/v1.44/bin/bin/../../lib/gcc/pic32mx/4.8.3/../../../../pic32mx/lib\libpic32.a(vector8.o)
                0x9fc01300                __vector_dispatch_8
                0x00000001                ASSERT (((_vector_spacing == 0x0) || (SIZEOF (.vector_8) <= (_vector_spacing << 0x5))), function at exception vector 8 too large)

.vector_9       0x9fc01320        0x8
 *(.vector_9)
 .vector_9      0x9fc01320        0x8 c:/program files (x86)/microchip/xc32/v1.44/bin/bin/../../lib/gcc/pic32mx/4.8.3/../../../../pic32mx/lib\libpic32.a(vector9.o)
                0x9fc01320                __vector_dispatch_9
                0x00000001                ASSERT (((_vector_spacing == 0x0) || (SIZEOF (.vector_9) <= (_vector_spacing << 0x5))), function at exception vector 9 too large)

.vector_10      0x9fc01340        0x8
 *(.vector_10)
 .vector_10     0x9fc01340        0x8 c:/program files (x86)/microchip/xc32/v1.44/bin/bin/../../lib/gcc/pic32mx/4.8.3/../../../../pic32mx/lib\libpic32.a(vector10.o)
                0x9fc01340                __vector_dispatch_10
                0x00000001                ASSERT (((_vector_spacing == 0x0) || (SIZEOF (.vector_10) <= (_vector_spacing << 0x5))), function at exception vector 10 too large)

.vector_11      0x9fc01360        0x8
 *(.vector_11)
 .vector_11     0x9fc01360        0x8 c:/program files (x86)/microchip/xc32/v1.44/bin/bin/../../lib/gcc/pic32mx/4.8.3/../../../../pic32mx/lib\libpic32.a(vector11.o)
                0x9fc01360                __vector_dispatch_11
                0x00000001                ASSERT (((_vector_spacing == 0x0) || (SIZEOF (.vector_11) <= (_vector_spacing << 0x5))), function at exception vector 11 too large)

.vector_12      0x9fc01380        0x8
 *(.vector_12)
 .vector_12     0x9fc01380        0x8 c:/program files (x86)/microchip/xc32/v1.44/bin/bin/../../lib/gcc/pic32mx/4.8.3/../../../../pic32mx/lib\libpic32.a(vector12.o)
                0x9fc01380                __vector_dispatch_12
                0x00000001                ASSERT (((_vector_spacing == 0x0) || (SIZEOF (.vector_12) <= (_vector_spacing << 0x5))), function at exception vector 12 too large)

.vector_13      0x9fc013a0        0x8
 *(.vector_13)
 .vector_13     0x9fc013a0        0x8 c:/program files (x86)/microchip/xc32/v1.44/bin/bin/../../lib/gcc/pic32mx/4.8.3/../../../../pic32mx/lib\libpic32.a(vector13.o)
                0x9fc013a0                __vector_dispatch_13
                0x00000001                ASSERT (((_vector_spacing == 0x0) || (SIZEOF (.vector_13) <= (_vector_spacing << 0x5))), function at exception vector 13 too large)

.vector_14      0x9fc013c0        0x8
 *(.vector_14)
 .vector_14     0x9fc013c0        0x8 c:/program files (x86)/microchip/xc32/v1.44/bin/bin/../../lib/gcc/pic32mx/4.8.3/../../../../pic32mx/lib\libpic32.a(vector14.o)
                0x9fc013c0                __vector_dispatch_14
                0x00000001                ASSERT (((_vector_spacing == 0x0) || (SIZEOF (.vector_14) <= (_vector_spacing << 0x5))), function at exception vector 14 too large)

.vector_15      0x9fc013e0        0x8
 *(.vector_15)
 .vector_15     0x9fc013e0        0x8 c:/program files (x86)/microchip/xc32/v1.44/bin/bin/../../lib/gcc/pic32mx/4.8.3/../../../../pic32mx/lib\libpic32.a(vector15.o)
                0x9fc013e0                __vector_dispatch_15
                0x00000001                ASSERT (((_vector_spacing == 0x0) || (SIZEOF (.vector_15) <= (_vector_spacing << 0x5))), function at exception vector 15 too large)

.vector_16      0x9fc01400        0x8
 *(.vector_16)
 .vector_16     0x9fc01400        0x8 c:/program files (x86)/microchip/xc32/v1.44/bin/bin/../../lib/gcc/pic32mx/4.8.3/../../../../pic32mx/lib\libpic32.a(vector16.o)
                0x9fc01400                __vector_dispatch_16
                0x00000001                ASSERT (((_vector_spacing == 0x0) || (SIZEOF (.vector_16) <= (_vector_spacing << 0x5))), function at exception vector 16 too large)

.vector_17      0x9fc01420        0x8
 *(.vector_17)
 .vector_17     0x9fc01420        0x8 c:/program files (x86)/microchip/xc32/v1.44/bin/bin/../../lib/gcc/pic32mx/4.8.3/../../../../pic32mx/lib\libpic32.a(vector17.o)
                0x9fc01420                __vector_dispatch_17
                0x00000001                ASSERT (((_vector_spacing == 0x0) || (SIZEOF (.vector_17) <= (_vector_spacing << 0x5))), function at exception vector 17 too large)

.vector_18      0x9fc01440        0x8
 *(.vector_18)
 .vector_18     0x9fc01440        0x8 c:/program files (x86)/microchip/xc32/v1.44/bin/bin/../../lib/gcc/pic32mx/4.8.3/../../../../pic32mx/lib\libpic32.a(vector18.o)
                0x9fc01440                __vector_dispatch_18
                0x00000001                ASSERT (((_vector_spacing == 0x0) || (SIZEOF (.vector_18) <= (_vector_spacing << 0x5))), function at exception vector 18 too large)

.vector_19      0x9fc01460        0x8
 *(.vector_19)
 .vector_19     0x9fc01460        0x8 c:/program files (x86)/microchip/xc32/v1.44/bin/bin/../../lib/gcc/pic32mx/4.8.3/../../../../pic32mx/lib\libpic32.a(vector19.o)
                0x9fc01460                __vector_dispatch_19
                0x00000001                ASSERT (((_vector_spacing == 0x0) || (SIZEOF (.vector_19) <= (_vector_spacing << 0x5))), function at exception vector 19 too large)

.vector_20      0x9fc01480        0x8
 *(.vector_20)
 .vector_20     0x9fc01480        0x8 c:/program files (x86)/microchip/xc32/v1.44/bin/bin/../../lib/gcc/pic32mx/4.8.3/../../../../pic32mx/lib\libpic32.a(vector20.o)
                0x9fc01480                __vector_dispatch_20
                0x00000001                ASSERT (((_vector_spacing == 0x0) || (SIZEOF (.vector_20) <= (_vector_spacing << 0x5))), function at exception vector 20 too large)

.vector_21      0x9fc014a0        0x8
 *(.vector_21)
 .vector_21     0x9fc014a0        0x8 c:/program files (x86)/microchip/xc32/v1.44/bin/bin/../../lib/gcc/pic32mx/4.8.3/../../../../pic32mx/lib\libpic32.a(vector21.o)
                0x9fc014a0                __vector_dispatch_21
                0x00000001                ASSERT (((_vector_spacing == 0x0) || (SIZEOF (.vector_21) <= (_vector_spacing << 0x5))), function at exception vector 21 too large)

.vector_22      0x9fc014c0        0x8
 *(.vector_22)
 .vector_22     0x9fc014c0        0x8 c:/program files (x86)/microchip/xc32/v1.44/bin/bin/../../lib/gcc/pic32mx/4.8.3/../../../../pic32mx/lib\libpic32.a(vector22.o)
                0x9fc014c0                __vector_dispatch_22
                0x00000001                ASSERT (((_vector_spacing == 0x0) || (SIZEOF (.vector_22) <= (_vector_spacing << 0x5))), function at exception vector 22 too large)

.vector_23      0x9fc014e0        0x8
 *(.vector_23)
 .vector_23     0x9fc014e0        0x8 c:/program files (x86)/microchip/xc32/v1.44/bin/bin/../../lib/gcc/pic32mx/4.8.3/../../../../pic32mx/lib\libpic32.a(vector23.o)
                0x9fc014e0                __vector_dispatch_23
                0x00000001                ASSERT (((_vector_spacing == 0x0) || (SIZEOF (.vector_23) <= (_vector_spacing << 0x5))), function at exception vector 23 too large)

.vector_24      0x9fc01500        0x8
 *(.vector_24)
 .vector_24     0x9fc01500        0x8 c:/program files (x86)/microchip/xc32/v1.44/bin/bin/../../lib/gcc/pic32mx/4.8.3/../../../../pic32mx/lib\libpic32.a(vector24.o)
                0x9fc01500                __vector_dispatch_24
                0x00000001                ASSERT (((_vector_spacing == 0x0) || (SIZEOF (.vector_24) <= (_vector_spacing << 0x5))), function at exception vector 24 too large)

.vector_25      0x9fc01520        0x8
 *(.vector_25)
 .vector_25     0x9fc01520        0x8 c:/program files (x86)/microchip/xc32/v1.44/bin/bin/../../lib/gcc/pic32mx/4.8.3/../../../../pic32mx/lib\libpic32.a(vector25.o)
                0x9fc01520                __vector_dispatch_25
                0x00000001                ASSERT (((_vector_spacing == 0x0) || (SIZEOF (.vector_25) <= (_vector_spacing << 0x5))), function at exception vector 25 too large)

.vector_26      0x9fc01540        0x8
 *(.vector_26)
 .vector_26     0x9fc01540        0x8 c:/program files (x86)/microchip/xc32/v1.44/bin/bin/../../lib/gcc/pic32mx/4.8.3/../../../../pic32mx/lib\libpic32.a(vector26.o)
                0x9fc01540                __vector_dispatch_26
                0x00000001                ASSERT (((_vector_spacing == 0x0) || (SIZEOF (.vector_26) <= (_vector_spacing << 0x5))), function at exception vector 26 too large)

.vector_27      0x9fc01560        0x8
 *(.vector_27)
 .vector_27     0x9fc01560        0x8 c:/program files (x86)/microchip/xc32/v1.44/bin/bin/../../lib/gcc/pic32mx/4.8.3/../../../../pic32mx/lib\libpic32.a(vector27.o)
                0x9fc01560                __vector_dispatch_27
                0x00000001                ASSERT (((_vector_spacing == 0x0) || (SIZEOF (.vector_27) <= (_vector_spacing << 0x5))), function at exception vector 27 too large)

.vector_28      0x9fc01580        0x8
 *(.vector_28)
 .vector_28     0x9fc01580        0x8 c:/program files (x86)/microchip/xc32/v1.44/bin/bin/../../lib/gcc/pic32mx/4.8.3/../../../../pic32mx/lib\libpic32.a(vector28.o)
                0x9fc01580                __vector_dispatch_28
                0x00000001                ASSERT (((_vector_spacing == 0x0) || (SIZEOF (.vector_28) <= (_vector_spacing << 0x5))), function at exception vector 28 too large)

.vector_29      0x9fc015a0        0x8
 *(.vector_29)
 .vector_29     0x9fc015a0        0x8 c:/program files (x86)/microchip/xc32/v1.44/bin/bin/../../lib/gcc/pic32mx/4.8.3/../../../../pic32mx/lib\libpic32.a(vector29.o)
                0x9fc015a0                __vector_dispatch_29
                0x00000001                ASSERT (((_vector_spacing == 0x0) || (SIZEOF (.vector_29) <= (_vector_spacing << 0x5))), function at exception vector 29 too large)

.vector_30      0x9fc015c0        0x8
 *(.vector_30)
 .vector_30     0x9fc015c0        0x8 c:/program files (x86)/microchip/xc32/v1.44/bin/bin/../../lib/gcc/pic32mx/4.8.3/../../../../pic32mx/lib\libpic32.a(vector30.o)
                0x9fc015c0                __vector_dispatch_30
                0x00000001                ASSERT (((_vector_spacing == 0x0) || (SIZEOF (.vector_30) <= (_vector_spacing << 0x5))), function at exception vector 30 too large)

.vector_31      0x9fc015e0        0x8
 *(.vector_31)
 .vector_31     0x9fc015e0        0x8 c:/program files (x86)/microchip/xc32/v1.44/bin/bin/../../lib/gcc/pic32mx/4.8.3/../../../../pic32mx/lib\libpic32.a(vector31.o)
                0x9fc015e0                __vector_dispatch_31
                0x00000001                ASSERT (((_vector_spacing == 0x0) || (SIZEOF (.vector_31) <= (_vector_spacing << 0x5))), function at exception vector 31 too large)

.vector_32      0x9fc01600        0x8
 *(.vector_32)
 .vector_32     0x9fc01600        0x8 c:/program files (x86)/microchip/xc32/v1.44/bin/bin/../../lib/gcc/pic32mx/4.8.3/../../../../pic32mx/lib\libpic32.a(vector32.o)
                0x9fc01600                __vector_dispatch_32
                0x00000001                ASSERT (((_vector_spacing == 0x0) || (SIZEOF (.vector_32) <= (_vector_spacing << 0x5))), function at exception vector 32 too large)

.vector_33      0x9fc01620        0x8
 *(.vector_33)
 .vector_33     0x9fc01620        0x8 c:/program files (x86)/microchip/xc32/v1.44/bin/bin/../../lib/gcc/pic32mx/4.8.3/../../../../pic32mx/lib\libpic32.a(vector33.o)
                0x9fc01620                __vector_dispatch_33
                0x00000001                ASSERT (((_vector_spacing == 0x0) || (SIZEOF (.vector_33) <= (_vector_spacing << 0x5))), function at exception vector 33 too large)

.vector_34      0x9fc01640        0x8
 *(.vector_34)
 .vector_34     0x9fc01640        0x8 c:/program files (x86)/microchip/xc32/v1.44/bin/bin/../../lib/gcc/pic32mx/4.8.3/../../../../pic32mx/lib\libpic32.a(vector34.o)
                0x9fc01640                __vector_dispatch_34
                0x00000001                ASSERT (((_vector_spacing == 0x0) || (SIZEOF (.vector_34) <= (_vector_spacing << 0x5))), function at exception vector 34 too large)

.vector_35      0x9fc01660        0x8
 *(.vector_35)
 .vector_35     0x9fc01660        0x8 c:/program files (x86)/microchip/xc32/v1.44/bin/bin/../../lib/gcc/pic32mx/4.8.3/../../../../pic32mx/lib\libpic32.a(vector35.o)
                0x9fc01660                __vector_dispatch_35
                0x00000001                ASSERT (((_vector_spacing == 0x0) || (SIZEOF (.vector_35) <= (_vector_spacing << 0x5))), function at exception vector 35 too large)

.vector_36      0x9fc01680        0x8
 *(.vector_36)
 .vector_36     0x9fc01680        0x8 c:/program files (x86)/microchip/xc32/v1.44/bin/bin/../../lib/gcc/pic32mx/4.8.3/../../../../pic32mx/lib\libpic32.a(vector36.o)
                0x9fc01680                __vector_dispatch_36
                0x00000001                ASSERT (((_vector_spacing == 0x0) || (SIZEOF (.vector_36) <= (_vector_spacing << 0x5))), function at exception vector 36 too large)

.vector_37      0x9fc016a0        0x8
 *(.vector_37)
 .vector_37     0x9fc016a0        0x8 c:/program files (x86)/microchip/xc32/v1.44/bin/bin/../../lib/gcc/pic32mx/4.8.3/../../../../pic32mx/lib\libpic32.a(vector37.o)
                0x9fc016a0                __vector_dispatch_37
                0x00000001                ASSERT (((_vector_spacing == 0x0) || (SIZEOF (.vector_37) <= (_vector_spacing << 0x5))), function at exception vector 37 too large)

.vector_38      0x9fc016c0        0x8
 *(.vector_38)
 .vector_38     0x9fc016c0        0x8 c:/program files (x86)/microchip/xc32/v1.44/bin/bin/../../lib/gcc/pic32mx/4.8.3/../../../../pic32mx/lib\libpic32.a(vector38.o)
                0x9fc016c0                __vector_dispatch_38
                0x00000001                ASSERT (((_vector_spacing == 0x0) || (SIZEOF (.vector_38) <= (_vector_spacing << 0x5))), function at exception vector 38 too large)

.vector_39      0x9fc016e0        0x8
 *(.vector_39)
 .vector_39     0x9fc016e0        0x8 c:/program files (x86)/microchip/xc32/v1.44/bin/bin/../../lib/gcc/pic32mx/4.8.3/../../../../pic32mx/lib\libpic32.a(vector39.o)
                0x9fc016e0                __vector_dispatch_39
                0x00000001                ASSERT (((_vector_spacing == 0x0) || (SIZEOF (.vector_39) <= (_vector_spacing << 0x5))), function at exception vector 39 too large)

.vector_40      0x9fc01700        0x8
 *(.vector_40)
 .vector_40     0x9fc01700        0x8 c:/program files (x86)/microchip/xc32/v1.44/bin/bin/../../lib/gcc/pic32mx/4.8.3/../../../../pic32mx/lib\libpic32.a(vector40.o)
                0x9fc01700                __vector_dispatch_40
                0x00000001                ASSERT (((_vector_spacing == 0x0) || (SIZEOF (.vector_40) <= (_vector_spacing << 0x5))), function at exception vector 40 too large)

.vector_41      0x9fc01720        0x8
 *(.vector_41)
 .vector_41     0x9fc01720        0x8 c:/program files (x86)/microchip/xc32/v1.44/bin/bin/../../lib/gcc/pic32mx/4.8.3/../../../../pic32mx/lib\libpic32.a(vector41.o)
                0x9fc01720                __vector_dispatch_41
                0x00000001                ASSERT (((_vector_spacing == 0x0) || (SIZEOF (.vector_41) <= (_vector_spacing << 0x5))), function at exception vector 41 too large)

.vector_42      0x9fc01740        0x8
 *(.vector_42)
 .vector_42     0x9fc01740        0x8 c:/program files (x86)/microchip/xc32/v1.44/bin/bin/../../lib/gcc/pic32mx/4.8.3/../../../../pic32mx/lib\libpic32.a(vector42.o)
                0x9fc01740                __vector_dispatch_42
                0x00000001                ASSERT (((_vector_spacing == 0x0) || (SIZEOF (.vector_42) <= (_vector_spacing << 0x5))), function at exception vector 42 too large)

.vector_43      0x9fc01760        0x8
 *(.vector_43)
 .vector_43     0x9fc01760        0x8 c:/program files (x86)/microchip/xc32/v1.44/bin/bin/../../lib/gcc/pic32mx/4.8.3/../../../../pic32mx/lib\libpic32.a(vector43.o)
                0x9fc01760                __vector_dispatch_43
                0x00000001                ASSERT (((_vector_spacing == 0x0) || (SIZEOF (.vector_43) <= (_vector_spacing << 0x5))), function at exception vector 43 too large)

.vector_44      0x9fc01780        0x8
 *(.vector_44)
 .vector_44     0x9fc01780        0x8 c:/program files (x86)/microchip/xc32/v1.44/bin/bin/../../lib/gcc/pic32mx/4.8.3/../../../../pic32mx/lib\libpic32.a(vector44.o)
                0x9fc01780                __vector_dispatch_44
                0x00000001                ASSERT (((_vector_spacing == 0x0) || (SIZEOF (.vector_44) <= (_vector_spacing << 0x5))), function at exception vector 44 too large)

.vector_45      0x9fc017a0        0x8
 *(.vector_45)
 .vector_45     0x9fc017a0        0x8 c:/program files (x86)/microchip/xc32/v1.44/bin/bin/../../lib/gcc/pic32mx/4.8.3/../../../../pic32mx/lib\libpic32.a(vector45.o)
                0x9fc017a0                __vector_dispatch_45
                0x00000001                ASSERT (((_vector_spacing == 0x0) || (SIZEOF (.vector_45) <= (_vector_spacing << 0x5))), function at exception vector 45 too large)

.vector_46      0x9fc017c0        0x8
 *(.vector_46)
 .vector_46     0x9fc017c0        0x8 c:/program files (x86)/microchip/xc32/v1.44/bin/bin/../../lib/gcc/pic32mx/4.8.3/../../../../pic32mx/lib\libpic32.a(vector46.o)
                0x9fc017c0                __vector_dispatch_46
                0x00000001                ASSERT (((_vector_spacing == 0x0) || (SIZEOF (.vector_46) <= (_vector_spacing << 0x5))), function at exception vector 46 too large)

.vector_47      0x9fc017e0        0x8
 *(.vector_47)
 .vector_47     0x9fc017e0        0x8 c:/program files (x86)/microchip/xc32/v1.44/bin/bin/../../lib/gcc/pic32mx/4.8.3/../../../../pic32mx/lib\libpic32.a(vector47.o)
                0x9fc017e0                __vector_dispatch_47
                0x00000001                ASSERT (((_vector_spacing == 0x0) || (SIZEOF (.vector_47) <= (_vector_spacing << 0x5))), function at exception vector 47 too large)

.vector_48      0x9fc01800        0x8
 *(.vector_48)
 .vector_48     0x9fc01800        0x8 c:/program files (x86)/microchip/xc32/v1.44/bin/bin/../../lib/gcc/pic32mx/4.8.3/../../../../pic32mx/lib\libpic32.a(vector48.o)
                0x9fc01800                __vector_dispatch_48
                0x00000001                ASSERT (((_vector_spacing == 0x0) || (SIZEOF (.vector_48) <= (_vector_spacing << 0x5))), function at exception vector 48 too large)

.vector_49      0x9fc01820        0x8
 *(.vector_49)
 .vector_49     0x9fc01820        0x8 c:/program files (x86)/microchip/xc32/v1.44/bin/bin/../../lib/gcc/pic32mx/4.8.3/../../../../pic32mx/lib\libpic32.a(vector49.o)
                0x9fc01820                __vector_dispatch_49
                0x00000001                ASSERT (((_vector_spacing == 0x0) || (SIZEOF (.vector_49) <= (_vector_spacing << 0x5))), function at exception vector 49 too large)

.vector_50      0x9fc01840        0x8
 *(.vector_50)
 .vector_50     0x9fc01840        0x8 c:/program files (x86)/microchip/xc32/v1.44/bin/bin/../../lib/gcc/pic32mx/4.8.3/../../../../pic32mx/lib\libpic32.a(vector50.o)
                0x9fc01840                __vector_dispatch_50
                0x00000001                ASSERT (((_vector_spacing == 0x0) || (SIZEOF (.vector_50) <= (_vector_spacing << 0x5))), function at exception vector 50 too large)

.vector_51      0x9fc01860        0x8
 *(.vector_51)
 .vector_51     0x9fc01860        0x8 c:/program files (x86)/microchip/xc32/v1.44/bin/bin/../../lib/gcc/pic32mx/4.8.3/../../../../pic32mx/lib\libpic32.a(vector51.o)
                0x9fc01860                __vector_dispatch_51
                0x00000001                ASSERT (((_vector_spacing == 0x0) || (SIZEOF (.vector_51) <= (_vector_spacing << 0x5))), function at exception vector 51 too large)

.vector_52      0x9fc01880        0x0
 *(.vector_52)
                0x00000001                ASSERT (((_vector_spacing == 0x0) || (SIZEOF (.vector_52) <= (_vector_spacing << 0x5))), function at exception vector 52 too large)

.vector_53      0x9fc018a0        0x0
 *(.vector_53)
                0x00000001                ASSERT (((_vector_spacing == 0x0) || (SIZEOF (.vector_53) <= (_vector_spacing << 0x5))), function at exception vector 53 too large)

.vector_54      0x9fc018c0        0x0
 *(.vector_54)
                0x00000001                ASSERT (((_vector_spacing == 0x0) || (SIZEOF (.vector_54) <= (_vector_spacing << 0x5))), function at exception vector 54 too large)

.vector_55      0x9fc018e0        0x0
 *(.vector_55)
                0x00000001                ASSERT (((_vector_spacing == 0x0) || (SIZEOF (.vector_55) <= (_vector_spacing << 0x5))), function at exception vector 55 too large)

.vector_56      0x9fc01900        0x0
 *(.vector_56)
                0x00000001                ASSERT (((_vector_spacing == 0x0) || (SIZEOF (.vector_56) <= (_vector_spacing << 0x5))), function at exception vector 56 too large)

.vector_57      0x9fc01920        0x0
 *(.vector_57)
                0x00000001                ASSERT (((_vector_spacing == 0x0) || (SIZEOF (.vector_57) <= (_vector_spacing << 0x5))), function at exception vector 57 too large)

.vector_58      0x9fc01940        0x0
 *(.vector_58)
                0x00000001                ASSERT (((_vector_spacing == 0x0) || (SIZEOF (.vector_58) <= (_vector_spacing << 0x5))), function at exception vector 58 too large)

.vector_59      0x9fc01960        0x0
 *(.vector_59)
                0x00000001                ASSERT (((_vector_spacing == 0x0) || (SIZEOF (.vector_59) <= (_vector_spacing << 0x5))), function at exception vector 59 too large)

.vector_60      0x9fc01980        0x0
 *(.vector_60)
                0x00000001                ASSERT (((_vector_spacing == 0x0) || (SIZEOF (.vector_60) <= (_vector_spacing << 0x5))), function at exception vector 60 too large)

.vector_61      0x9fc019a0        0x0
 *(.vector_61)
                0x00000001                ASSERT (((_vector_spacing == 0x0) || (SIZEOF (.vector_61) <= (_vector_spacing << 0x5))), function at exception vector 61 too large)

.vector_62      0x9fc019c0        0x0
 *(.vector_62)
                0x00000001                ASSERT (((_vector_spacing == 0x0) || (SIZEOF (.vector_62) <= (_vector_spacing << 0x5))), function at exception vector 62 too large)

.vector_63      0x9fc019e0        0x0
 *(.vector_63)
                0x00000001                ASSERT (((_vector_spacing == 0x0) || (SIZEOF (.vector_63) <= (_vector_spacing << 0x5))), function at exception vector 63 too large)

.startup
 *(.startup)

.text           0x9d000000        0x0
 *(.stub .gnu.linkonce.t.*)
 *(.text.*personality*)
 *(.mips16.fn.*)
 *(.mips16.call.*)
 *(.gnu.warning)
                0x9d000000                . = ALIGN (0x4)

.init           0x9d000000        0x0
 *crti.o(.init)
 *crtbegin.o(.init)
 *(EXCLUDE_FILE(*crtn.o *crtend?.o *crtend.o) .init)
 *crtend.o(.init)
 *crtn.o(.init)
                0x9d000000                . = ALIGN (0x4)

.fini           0x9d000000        0x0
 *(.fini)
                0x9d000000                . = ALIGN (0x4)

.preinit_array  0x9d000000        0x0
                0x9d000000                PROVIDE (__preinit_array_start, .)
 *(.preinit_array)
                0x9d000000                PROVIDE (__preinit_array_end, .)
                0x9d000000                . = ALIGN (0x4)

.init_array     0x9d000000        0x0
                0x9d000000                PROVIDE (__init_array_start, .)
 *(SORT(.init_array.*))
 *(.init_array)
                0x9d000000                PROVIDE (__init_array_end, .)
                0x9d000000                . = ALIGN (0x4)

.fini_array     0x9d000000        0x0
                0x9d000000                PROVIDE (__fini_array_start, .)
 *(SORT(.fini_array.*))
 *(.fini_array)
                0x9d000000                PROVIDE (__fini_array_end, .)
                0x9d000000                . = ALIGN (0x4)

.ctors          0x9d000000        0x0
 *crtbegin.o(.ctors)
 *crtbegin?.o(.ctors)
 *(EXCLUDE_FILE(*crtend?.o *crtend.o) .ctors)
 *(SORT(.ctors.*))
 *(.ctors)
                0x9d000000                . = ALIGN (0x4)

.dtors          0x9d000000        0x0
 *crtbegin.o(.dtors)
 *crtbegin?.o(.dtors)
 *(EXCLUDE_FILE(*crtend?.o *crtend.o) .dtors)
 *(SORT(.dtors.*))
 *(.dtors)
                0x9d000000                . = ALIGN (0x4)

.rodata         0x9d000000        0x0
 *(.gnu.linkonce.r.*)
 *(.rodata1)
                0x9d000000                . = ALIGN (0x4)

.sdata2         0x9fc00490        0x0
 *(.sdata2 .sdata2.* .gnu.linkonce.s2.*)
                0x9fc00490                . = ALIGN (0x4)

.sbss2          0x9fc00490        0x0
 *(.sbss2 .sbss2.* .gnu.linkonce.sb2.*)
                0x9fc00490                . = ALIGN (0x4)

.eh_frame_hdr
 *(.eh_frame_hdr)
                0x9fc00490                . = ALIGN (0x4)

.eh_frame
 *(.eh_frame)
                0x9fc00490                . = ALIGN (0x4)

.gcc_except_table
 *(.gcc_except_table .gcc_except_table.*)
                0x9fc00490                . = ALIGN (0x4)

.dbg_data       0xa0000000        0x0
                0xa0000000                . = (. + DEFINED (_DEBUGGER)?0x200:0x0)

.jcr            0xa0000000        0x0
 *(.jcr)
                0xa0000000                . = ALIGN (0x4)

.eh_frame
 *(.eh_frame)
                0xa0000000                . = ALIGN (0x4)

.gcc_except_table
 *(.gcc_except_table .gcc_except_table.*)
                0xa0000000                . = ALIGN (0x4)

.persist        0xa0000000        0x0
                0xa0000000                _persist_begin = .
 *(.persist .persist.*)
 *(.pbss .pbss.*)
                0xa0000000                . = ALIGN (0x4)
                0xa0000000                _persist_end = .

.data           0xa0000000        0x0
 *(.gnu.linkonce.d.*)
 *(.data1)
                0xa0000000                . = ALIGN (0x4)
                0xa0000000                . = .
                0xa0007ff0                _gp = (ALIGN (0x10) + 0x7ff0)

.got            0xa0000000        0x0
 *(.got.plt)
 *(.got)
                0xa0000000                . = ALIGN (0x4)

.sdata          0xa0000000        0xc
                0xa0000000                _sdata_begin = .
 *(.sdata .sdata.* .gnu.linkonce.s.*)
 .sdata         0xa0000000        0x4 build/default/production/_ext/1954962658/DHCPs.o
                0xa0000000                bDHCPServerEnabled
 .sdata         0xa0000004        0x4 build/default/production/_ext/1954962658/Helpers.o
 .sdata         0xa0000008        0x2 build/default/production/_ext/1954962658/UDP.o
                0xa000000c                . = ALIGN (0x4)
 *fill*         0xa000000a        0x2 
                0xa000000c                _sdata_end = .

.lit8
 *(.lit8)

.lit4
 *(.lit4)
                0xa000000c                . = ALIGN (0x4)
                0xa000000c                _data_end = .
                0xa000000c                _bss_begin = .

.sbss           0xa000000c       0x98
                0xa000000c                _sbss_begin = .
 *(.dynsbss)
 *(.sbss .sbss.* .gnu.linkonce.sb.*)
 .sbss          0xa000000c        0x8 build/default/production/_ext/1954962658/Announce.o
 .sbss          0xa0000014        0x4 build/default/production/_ext/1954962658/ARP.o
 .sbss          0xa0000018        0xc build/default/production/_ext/1954962658/DHCPs.o
 .sbss          0xa0000024       0x40 build/default/production/_ext/1954962658/ETHPIC32IntMac.o
                0xa0000050                _stackMgrRxOkPkts
                0xa0000054                _stackMgrRxBadPkts
                0xa0000058                _stackMgrInGetHdr
                0xa000005c                _stackMgrRxDiscarded
                0xa0000060                _stackMgrTxNotReady
 .sbss          0xa0000064        0x4 build/default/production/_ext/1954962658/IP.o
 .sbss          0xa0000068        0x8 build/default/production/_ext/1954962658/StackTsk.o
 .sbss          0xa0000070        0xc build/default/production/_ext/1954962658/Tick.o
 .sbss          0xa000007c        0x8 build/default/production/_ext/1954962658/UDP.o
 .sbss          0xa0000084        0xc build/default/production/_ext/1472/MainDemo.o
 *(.scommon)
 .scommon       0xa0000090        0x4 build/default/production/_ext/1954962658/ETHPIC32ExtPhy.o
                0xa0000090                _PhyAdd
 .scommon       0xa0000094        0x5 build/default/production/_ext/1954962658/UDP.o
                0xa0000094                UDPRxCount
                0xa0000096                UDPTxCount
                0xa0000098                activeUDPSocket
 *fill*         0xa0000099        0x3 
 .scommon       0xa000009c        0x8 build/default/production/_ext/1472/MainDemo.o
                0xa000009c                AN0String
                0xa00000a4                _sbss_end = .
                0xa00000a4                . = ALIGN (0x4)

.bss            0xa00000a4      0x120
 *(.dynbss)
 *(COMMON)
 COMMON         0xa00000a4        0xa build/default/production/_ext/1954962658/StackTsk.o
                0xa00000a4                remoteNode
 *fill*         0xa00000ae        0x2 
 COMMON         0xa00000b0       0xe0 build/default/production/_ext/1954962658/UDP.o
                0xa00000b0                UDPSocketInfo
 COMMON         0xa0000190       0x33 build/default/production/_ext/1472/MainDemo.o
                0xa0000190                AppConfig
                0xa00001c4                . = ALIGN ((. != 0x0)?0x4:0x1)
 *fill*         0xa00001c3        0x1 
                0xa00001c4                . = ALIGN (0x4)
                0xa00001c4                _end = .
                0xa00001c4                _bss_end = .
                0x00020000                _bmxdudba_address = 0x20000
                0x00020000                _bmxdupba_address = 0x20000

/DISCARD/
 *(.pdr)
 *(.rel.dyn)
 *(.note.GNU-stack)
 *(.note.GNU-stack)
 *(.gnu_debuglink)
 *(.gnu.lto_*)
 *(.discard)

.gptab.sdata
 *(.gptab.data)
 *(.gptab.sdata)

.gptab.sbss
 *(.gptab.bss)
 *(.gptab.sbss)

.mdebug.abi32   0xa00001c4        0x0
 *(.mdebug.abi32)
 .mdebug.abi32  0xa00001c4        0x0 build/default/production/_ext/1472/BerkeleyTCPClientDemo.o
 .mdebug.abi32  0xa00001c4        0x0 build/default/production/_ext/1472/BerkeleyTCPServerDemo.o
 .mdebug.abi32  0xa00001c4        0x0 build/default/production/_ext/1472/BerkeleyUDPClientDemo.o
 .mdebug.abi32  0xa00001c4        0x0 build/default/production/_ext/1472/GenericTCPClient.o
 .mdebug.abi32  0xa00001c4        0x0 build/default/production/_ext/1472/GenericTCPServer.o
 .mdebug.abi32  0xa00001c4        0x0 build/default/production/_ext/1472/PingDemo.o
 .mdebug.abi32  0xa00001c4        0x0 build/default/production/_ext/1472/SMTPDemo.o
 .mdebug.abi32  0xa00001c4        0x0 build/default/production/_ext/1472/UARTConfig.o
 .mdebug.abi32  0xa00001c4        0x0 build/default/production/_ext/1954962658/Announce.o
 .mdebug.abi32  0xa00001c4        0x0 build/default/production/_ext/1954962658/ARCFOUR.o
 .mdebug.abi32  0xa00001c4        0x0 build/default/production/_ext/1954962658/ARP.o
 .mdebug.abi32  0xa00001c4        0x0 build/default/production/_ext/1954962658/AutoIP.o
 .mdebug.abi32  0xa00001c4        0x0 build/default/production/_ext/1954962658/BerkeleyAPI.o
 .mdebug.abi32  0xa00001c4        0x0 build/default/production/_ext/1954962658/BigInt.o
 .mdebug.abi32  0xa00001c4        0x0 build/default/production/_ext/1954962658/Delay.o
 .mdebug.abi32  0xa00001c4        0x0 build/default/production/_ext/1954962658/DHCP.o
 .mdebug.abi32  0xa00001c4        0x0 build/default/production/_ext/1954962658/DHCPs.o
 .mdebug.abi32  0xa00001c4        0x0 build/default/production/_ext/1954962658/DNS.o
 .mdebug.abi32  0xa00001c4        0x0 build/default/production/_ext/1954962658/DNSs.o
 .mdebug.abi32  0xa00001c4        0x0 build/default/production/_ext/1954962658/DynDNS.o
 .mdebug.abi32  0xa00001c4        0x0 build/default/production/_ext/1954962658/ENC28J60.o
 .mdebug.abi32  0xa00001c4        0x0 build/default/production/_ext/1954962658/ENCX24J600.o
 .mdebug.abi32  0xa00001c4        0x0 build/default/production/_ext/1954962658/ETHPIC32ExtPhy.o
 .mdebug.abi32  0xa00001c4        0x0 build/default/production/_ext/1954962658/ETHPIC32IntMac.o
 .mdebug.abi32  0xa00001c4        0x0 build/default/production/_ext/1954962658/FileSystem.o
 .mdebug.abi32  0xa00001c4        0x0 build/default/production/_ext/1954962658/FTP.o
 .mdebug.abi32  0xa00001c4        0x0 build/default/production/_ext/1954962658/Hashes.o
 .mdebug.abi32  0xa00001c4        0x0 build/default/production/_ext/1954962658/Helpers.o
 .mdebug.abi32  0xa00001c4        0x0 build/default/production/_ext/1954962658/HTTP2.o
 .mdebug.abi32  0xa00001c4        0x0 build/default/production/_ext/1954962658/ICMP.o
 .mdebug.abi32  0xa00001c4        0x0 build/default/production/_ext/1954962658/IP.o
 .mdebug.abi32  0xa00001c4        0x0 build/default/production/_ext/1954962658/LCDBlocking.o
 .mdebug.abi32  0xa00001c4        0x0 build/default/production/_ext/1954962658/MPFS2.o
 .mdebug.abi32  0xa00001c4        0x0 build/default/production/_ext/1954962658/NBNS.o
 .mdebug.abi32  0xa00001c4        0x0 build/default/production/_ext/1954962658/Random.o
 .mdebug.abi32  0xa00001c4        0x0 build/default/production/_ext/1954962658/Reboot.o
 .mdebug.abi32  0xa00001c4        0x0 build/default/production/_ext/1954962658/RSA.o
 .mdebug.abi32  0xa00001c4        0x0 build/default/production/_ext/1954962658/SMTP.o
 .mdebug.abi32  0xa00001c4        0x0 build/default/production/_ext/1954962658/SNMP.o
 .mdebug.abi32  0xa00001c4        0x0 build/default/production/_ext/1954962658/SNMPv3.o
 .mdebug.abi32  0xa00001c4        0x0 build/default/production/_ext/1954962658/SNMPv3USM.o
 .mdebug.abi32  0xa00001c4        0x0 build/default/production/_ext/1954962658/SNTP.o
 .mdebug.abi32  0xa00001c4        0x0 build/default/production/_ext/1954962658/SPIEEPROM.o
 .mdebug.abi32  0xa00001c4        0x0 build/default/production/_ext/1954962658/SPIFlash.o
 .mdebug.abi32  0xa00001c4        0x0 build/default/production/_ext/1954962658/SPIRAM.o
 .mdebug.abi32  0xa00001c4        0x0 build/default/production/_ext/1954962658/SSL.o
 .mdebug.abi32  0xa00001c4        0x0 build/default/production/_ext/1954962658/StackTsk.o
 .mdebug.abi32  0xa00001c4        0x0 build/default/production/_ext/1954962658/TCP.o
 .mdebug.abi32  0xa00001c4        0x0 build/default/production/_ext/1954962658/TCPPerformanceTest.o
 .mdebug.abi32  0xa00001c4        0x0 build/default/production/_ext/1954962658/Telnet.o
 .mdebug.abi32  0xa00001c4        0x0 build/default/production/_ext/1954962658/TFTPc.o
 .mdebug.abi32  0xa00001c4        0x0 build/default/production/_ext/1954962658/Tick.o
 .mdebug.abi32  0xa00001c4        0x0 build/default/production/_ext/1954962658/UART2TCPBridge.o
 .mdebug.abi32  0xa00001c4        0x0 build/default/production/_ext/1954962658/UART.o
 .mdebug.abi32  0xa00001c4        0x0 build/default/production/_ext/1954962658/UDP.o
 .mdebug.abi32  0xa00001c4        0x0 build/default/production/_ext/1954962658/UDPPerformanceTest.o
 .mdebug.abi32  0xa00001c4        0x0 build/default/production/_ext/1954962658/ZeroconfHelper.o
 .mdebug.abi32  0xa00001c4        0x0 build/default/production/_ext/1954962658/ZeroconfLinkLocal.o
 .mdebug.abi32  0xa00001c4        0x0 build/default/production/_ext/1954962658/ZeroconfMulticastDNS.o
 .mdebug.abi32  0xa00001c4        0x0 build/default/production/_ext/1472/MPFSImg2.o
 .mdebug.abi32  0xa00001c4        0x0 build/default/production/_ext/1954962658/ETHPIC32ExtPhySMSC8720.o
 .mdebug.abi32  0xa00001c4        0x0 build/default/production/_ext/1472/CustomHTTPApp.o
 .mdebug.abi32  0xa00001c4        0x0 build/default/production/_ext/1472/CustomSNMPApp.o
 .mdebug.abi32  0xa00001c4        0x0 build/default/production/_ext/1472/CustomSSLCert.o
 .mdebug.abi32  0xa00001c4        0x0 build/default/production/_ext/1472/MainDemo.o
 .mdebug.abi32  0xa00001c4        0x0 build/default/production/_ext/1472/LEDTCPServer.o
 .mdebug.abi32  0xa00001c4        0x0 c:/program files (x86)/microchip/xc32/v1.44/bin/bin/../../lib/gcc/pic32mx/4.8.3/../../../../pic32mx/lib\libmchp_peripheral.a(read_core_timer_lib.o)
 .mdebug.abi32  0xa00001c4        0x0 c:/program files (x86)/microchip/xc32/v1.44/bin/bin/../../lib/gcc/pic32mx/4.8.3/../../../../pic32mx/lib\libmchp_peripheral_32MX795F512L.a(eth_ack_packet_lib.o)
 .mdebug.abi32  0xa00001c4        0x0 c:/program files (x86)/microchip/xc32/v1.44/bin/bin/../../lib/gcc/pic32mx/4.8.3/../../../../pic32mx/lib\libmchp_peripheral_32MX795F512L.a(eth_descriptors_add_lib.o)
 .mdebug.abi32  0xa00001c4        0x0 c:/program files (x86)/microchip/xc32/v1.44/bin/bin/../../lib/gcc/pic32mx/4.8.3/../../../../pic32mx/lib\libmchp_peripheral_32MX795F512L.a(eth_init_lib.o)
 .mdebug.abi32  0xa00001c4        0x0 c:/program files (x86)/microchip/xc32/v1.44/bin/bin/../../lib/gcc/pic32mx/4.8.3/../../../../pic32mx/lib\libmchp_peripheral_32MX795F512L.a(eth_mac_open_lib.o)
 .mdebug.abi32  0xa00001c4        0x0 c:/program files (x86)/microchip/xc32/v1.44/bin/bin/../../lib/gcc/pic32mx/4.8.3/../../../../pic32mx/lib\libmchp_peripheral_32MX795F512L.a(eth_mac_set_address_max_lib.o)
 .mdebug.abi32  0xa00001c4        0x0 c:/program files (x86)/microchip/xc32/v1.44/bin/bin/../../lib/gcc/pic32mx/4.8.3/../../../../pic32mx/lib\libmchp_peripheral_32MX795F512L.a(eth_rx_buffers_append_lib.o)
 .mdebug.abi32  0xa00001c4        0x0 c:/program files (x86)/microchip/xc32/v1.44/bin/bin/../../lib/gcc/pic32mx/4.8.3/../../../../pic32mx/lib\libmchp_peripheral_32MX795F512L.a(eth_rx_filters_lib.o)
 .mdebug.abi32  0xa00001c4        0x0 c:/program files (x86)/microchip/xc32/v1.44/bin/bin/../../lib/gcc/pic32mx/4.8.3/../../../../pic32mx/lib\libmchp_peripheral_32MX795F512L.a(eth_rx_get_packet_lib.o)
 .mdebug.abi32  0xa00001c4        0x0 c:/program files (x86)/microchip/xc32/v1.44/bin/bin/../../lib/gcc/pic32mx/4.8.3/../../../../pic32mx/lib\libmchp_peripheral_32MX795F512L.a(eth_rx_set_buffer_size_lib.o)
 .mdebug.abi32  0xa00001c4        0x0 c:/program files (x86)/microchip/xc32/v1.44/bin/bin/../../lib/gcc/pic32mx/4.8.3/../../../../pic32mx/lib\libmchp_peripheral_32MX795F512L.a(eth_tx_packet_lib.o)
 .mdebug.abi32  0xa00001c4        0x0 c:/program files (x86)/microchip/xc32/v1.44/bin/bin/../../lib/gcc/pic32mx/4.8.3/../../../../pic32mx/lib\libmchp_peripheral_32MX795F512L.a(_eth_append_busy_list_lib.o)
 .mdebug.abi32  0xa00001c4        0x0 c:/program files (x86)/microchip/xc32/v1.44/bin/bin/../../lib/gcc/pic32mx/4.8.3/../../../../pic32mx/lib\libmchp_peripheral_32MX795F512L.a(eth_miim_access.o)
 .mdebug.abi32  0xa00001c4        0x0 c:/program files (x86)/microchip/xc32/v1.44/bin/bin/../../lib/gcc/pic32mx/4.8.3/../../../../pic32mx/lib\libmchp_peripheral_32MX795F512L.a(pcache.o)
 .mdebug.abi32  0xa00001c4        0x0 c:/program files (x86)/microchip/xc32/v1.44/bin/bin/../../lib/gcc/pic32mx/4.8.3/../../../../pic32mx/lib\libmchp_peripheral_32MX795F512L.a(int_disable_interrupts_lib.o)
 .mdebug.abi32  0xa00001c4        0x0 c:/program files (x86)/microchip/xc32/v1.44/bin/bin/../../lib/gcc/pic32mx/4.8.3/../../../../pic32mx/lib\libmchp_peripheral_32MX795F512L.a(int_restore_interrupts_lib.o)
 .mdebug.abi32  0xa00001c4        0x0 c:/program files (x86)/microchip/xc32/v1.44/bin/bin/../../lib/gcc/pic32mx/4.8.3/../../../../pic32mx/lib\libmchp_peripheral_32MX795F512L.a(int_enable_mv_int_lib.o)
 .mdebug.abi32  0xa00001c4        0x0 c:/program files (x86)/microchip/xc32/v1.44/bin/bin/../../lib/gcc/pic32mx/4.8.3/../../../../pic32mx/lib\libmchp_peripheral_32MX795F512L.a(int_tbl_lib.o)
 .mdebug.abi32  0xa00001c4        0x0 c:/program files (x86)/microchip/xc32/v1.44/bin/bin/../../lib/gcc/pic32mx/4.8.3/../../../../pic32mx/lib\libmchp_peripheral_32MX795F512L.a(port_set_pins_digital_in_lib.o)
 .mdebug.abi32  0xa00001c4        0x0 c:/program files (x86)/microchip/xc32/v1.44/bin/bin/../../lib/gcc/pic32mx/4.8.3/../../../../pic32mx/lib\libmchp_peripheral_32MX795F512L.a(port_set_pins_digital_out_lib.o)
 .mdebug.abi32  0xa00001c4        0x0 c:/program files (x86)/microchip/xc32/v1.44/bin/bin/../../lib/gcc/pic32mx/4.8.3/../../../../pic32mx/lib\libmchp_peripheral_32MX795F512L.a(port_clear_bits_lib.o)
 .mdebug.abi32  0xa00001c4        0x0 c:/program files (x86)/microchip/xc32/v1.44/bin/bin/../../lib/gcc/pic32mx/4.8.3/../../../../pic32mx/lib\libmchp_peripheral_32MX795F512L.a(port_set_bits_lib.o)
 .mdebug.abi32  0xa00001c4        0x0 c:/program files (x86)/microchip/xc32/v1.44/bin/bin/../../lib/gcc/pic32mx/4.8.3/../../../../pic32mx/lib\libmchp_peripheral_32MX795F512L.a(_ports_tbl_libp.o)
 .mdebug.abi32  0xa00001c4        0x0 c:/program files (x86)/microchip/xc32/v1.44/bin/bin/../../lib/gcc/pic32mx/4.8.3/../../../../pic32mx/lib\libmchp_peripheral_32MX795F512L.a(int_enable_interrupts_lib.o)
 .mdebug.abi32  0xa00001c4        0x0 c:/program files (x86)/microchip/xc32/v1.44/bin/bin/../../lib/gcc/pic32mx/4.8.3\libgcc.a(_udivdi3.o)
 .mdebug.abi32  0xa00001c4        0x0 c:/program files (x86)/microchip/xc32/v1.44/bin/bin/../../lib/gcc/pic32mx/4.8.3/../../../../pic32mx/lib\libpic32.a(default-bootstrap-exception-handler.o)
 .mdebug.abi32  0xa00001c4        0x0 c:/program files (x86)/microchip/xc32/v1.44/bin/bin/../../lib/gcc/pic32mx/4.8.3/../../../../pic32mx/lib\libpic32.a(default-on-reset.o)
 .mdebug.abi32  0xa00001c4        0x0 c:/program files (x86)/microchip/xc32/v1.44/bin/bin/../../lib/gcc/pic32mx/4.8.3/../../../../pic32mx/lib\libpic32.a(default-on-bootstrap.o)
 .mdebug.abi32  0xa00001c4        0x0 c:/program files (x86)/microchip/xc32/v1.44/bin/bin/../../lib/gcc/pic32mx/4.8.3/../../../../pic32mx/lib\libpic32.a(defaultinterrupt.o)
 .mdebug.abi32  0xa00001c4        0x0 c:/program files (x86)/microchip/xc32/v1.44/bin/bin/../../lib/gcc/pic32mx/4.8.3/../../../../pic32mx/lib\libc.a(calloc.o)
 .mdebug.abi32  0xa00001c4        0x0 c:/program files (x86)/microchip/xc32/v1.44/bin/bin/../../lib/gcc/pic32mx/4.8.3/../../../../pic32mx/lib\libc.a(malloc.o)
 .mdebug.abi32  0xa00001c4        0x0 c:/program files (x86)/microchip/xc32/v1.44/bin/bin/../../lib/gcc/pic32mx/4.8.3/../../../../pic32mx/lib\libc.a(strncpy.o)
 .mdebug.abi32  0xa00001c4        0x0 c:/program files (x86)/microchip/xc32/v1.44/bin/bin/../../lib/gcc/pic32mx/4.8.3/../../../../pic32mx/lib\libpic32.a(sbrk.o)
 .mdebug.abi32  0xa00001c4        0x0 c:/program files (x86)/microchip/xc32/v1.44/bin/bin/../../lib/gcc/pic32mx/4.8.3/../../../../pic32mx/lib\libpic32.a(errno.o)

.mdebug.abiN32
 *(.mdebug.abiN32)

.mdebug.abi64
 *(.mdebug.abi64)

.mdebug.abiO64
 *(.mdebug.abiO64)

.mdebug.eabi32
 *(.mdebug.eabi32)

.mdebug.eabi64
 *(.mdebug.eabi64)

.gcc_compiled_long32
 *(.gcc_compiled_long32)

.gcc_compiled_long64
 *(.gcc_compiled_long64)

.stab
 *(.stab)

.stabstr
 *(.stabstr)

.stab.excl
 *(.stab.excl)

.stab.exclstr
 *(.stab.exclstr)

.stab.index
 *(.stab.index)

.stab.indexstr
 *(.stab.indexstr)

.comment        0x00000000      0x10c
 *(.comment)
 .comment       0x00000000       0x3c build/default/production/_ext/1472/BerkeleyTCPClientDemo.o
                                 0x3d (size before relaxing)
 .comment       0x00000000       0x3d build/default/production/_ext/1472/BerkeleyTCPServerDemo.o
 .comment       0x00000000       0x3d build/default/production/_ext/1472/BerkeleyUDPClientDemo.o
 .comment       0x00000000       0x3d build/default/production/_ext/1472/GenericTCPClient.o
 .comment       0x00000000       0x3d build/default/production/_ext/1472/GenericTCPServer.o
 .comment       0x00000000       0x3d build/default/production/_ext/1472/PingDemo.o
 .comment       0x00000000       0x3d build/default/production/_ext/1472/SMTPDemo.o
 .comment       0x00000000       0x3d build/default/production/_ext/1472/UARTConfig.o
 .comment       0x00000000       0x3d build/default/production/_ext/1954962658/Announce.o
 .comment       0x00000000       0x3d build/default/production/_ext/1954962658/ARCFOUR.o
 .comment       0x00000000       0x3d build/default/production/_ext/1954962658/ARP.o
 .comment       0x00000000       0x3d build/default/production/_ext/1954962658/AutoIP.o
 .comment       0x00000000       0x3d build/default/production/_ext/1954962658/BerkeleyAPI.o
 .comment       0x00000000       0x3d build/default/production/_ext/1954962658/BigInt.o
 .comment       0x00000000       0x3d build/default/production/_ext/1954962658/Delay.o
 .comment       0x00000000       0x3d build/default/production/_ext/1954962658/DHCP.o
 .comment       0x00000000       0x3d build/default/production/_ext/1954962658/DHCPs.o
 .comment       0x00000000       0x3d build/default/production/_ext/1954962658/DNS.o
 .comment       0x00000000       0x3d build/default/production/_ext/1954962658/DNSs.o
 .comment       0x00000000       0x3d build/default/production/_ext/1954962658/DynDNS.o
 .comment       0x00000000       0x3d build/default/production/_ext/1954962658/ENC28J60.o
 .comment       0x00000000       0x3d build/default/production/_ext/1954962658/ENCX24J600.o
 .comment       0x00000000       0x3d build/default/production/_ext/1954962658/ETHPIC32ExtPhy.o
 .comment       0x00000000       0x3d build/default/production/_ext/1954962658/ETHPIC32IntMac.o
 .comment       0x00000000       0x3d build/default/production/_ext/1954962658/FileSystem.o
 .comment       0x00000000       0x3d build/default/production/_ext/1954962658/FTP.o
 .comment       0x00000000       0x3d build/default/production/_ext/1954962658/Hashes.o
 .comment       0x00000000       0x3d build/default/production/_ext/1954962658/Helpers.o
 .comment       0x00000000       0x3d build/default/production/_ext/1954962658/HTTP2.o
 .comment       0x00000000       0x3d build/default/production/_ext/1954962658/ICMP.o
 .comment       0x00000000       0x3d build/default/production/_ext/1954962658/IP.o
 .comment       0x00000000       0x3d build/default/production/_ext/1954962658/LCDBlocking.o
 .comment       0x00000000       0x3d build/default/production/_ext/1954962658/MPFS2.o
 .comment       0x00000000       0x3d build/default/production/_ext/1954962658/NBNS.o
 .comment       0x00000000       0x3d build/default/production/_ext/1954962658/Random.o
 .comment       0x00000000       0x3d build/default/production/_ext/1954962658/Reboot.o
 .comment       0x00000000       0x3d build/default/production/_ext/1954962658/RSA.o
 .comment       0x00000000       0x3d build/default/production/_ext/1954962658/SMTP.o
 .comment       0x00000000       0x3d build/default/production/_ext/1954962658/SNMP.o
 .comment       0x00000000       0x3d build/default/production/_ext/1954962658/SNMPv3.o
 .comment       0x00000000       0x3d build/default/production/_ext/1954962658/SNMPv3USM.o
 .comment       0x00000000       0x3d build/default/production/_ext/1954962658/SNTP.o
 .comment       0x00000000       0x3d build/default/production/_ext/1954962658/SPIEEPROM.o
 .comment       0x00000000       0x3d build/default/production/_ext/1954962658/SPIFlash.o
 .comment       0x00000000       0x3d build/default/production/_ext/1954962658/SPIRAM.o
 .comment       0x00000000       0x3d build/default/production/_ext/1954962658/SSL.o
 .comment       0x00000000       0x3d build/default/production/_ext/1954962658/StackTsk.o
 .comment       0x00000000       0x3d build/default/production/_ext/1954962658/TCP.o
 .comment       0x00000000       0x3d build/default/production/_ext/1954962658/TCPPerformanceTest.o
 .comment       0x00000000       0x3d build/default/production/_ext/1954962658/Telnet.o
 .comment       0x00000000       0x3d build/default/production/_ext/1954962658/TFTPc.o
 .comment       0x00000000       0x3d build/default/production/_ext/1954962658/Tick.o
 .comment       0x00000000       0x3d build/default/production/_ext/1954962658/UART2TCPBridge.o
 .comment       0x00000000       0x3d build/default/production/_ext/1954962658/UART.o
 .comment       0x00000000       0x3d build/default/production/_ext/1954962658/UDP.o
 .comment       0x00000000       0x3d build/default/production/_ext/1954962658/UDPPerformanceTest.o
 .comment       0x00000000       0x3d build/default/production/_ext/1954962658/ZeroconfHelper.o
 .comment       0x00000000       0x3d build/default/production/_ext/1954962658/ZeroconfLinkLocal.o
 .comment       0x00000000       0x3d build/default/production/_ext/1954962658/ZeroconfMulticastDNS.o
 .comment       0x00000000       0x3d build/default/production/_ext/1472/MPFSImg2.o
 .comment       0x00000000       0x3d build/default/production/_ext/1954962658/ETHPIC32ExtPhySMSC8720.o
 .comment       0x00000000       0x3d build/default/production/_ext/1472/CustomHTTPApp.o
 .comment       0x00000000       0x3d build/default/production/_ext/1472/CustomSNMPApp.o
 .comment       0x00000000       0x3d build/default/production/_ext/1472/CustomSSLCert.o
 .comment       0x00000000       0x3d build/default/production/_ext/1472/MainDemo.o
 .comment       0x00000000       0x3d build/default/production/_ext/1472/LEDTCPServer.o
 .comment       0x0000003c       0x3c c:/program files (x86)/microchip/xc32/v1.44/bin/bin/../../lib/gcc/pic32mx/4.8.3/../../../../pic32mx/lib\libmchp_peripheral.a(read_core_timer_lib.o)
                                 0x3d (size before relaxing)
 .comment       0x00000000       0x3d c:/program files (x86)/microchip/xc32/v1.44/bin/bin/../../lib/gcc/pic32mx/4.8.3/../../../../pic32mx/lib\libmchp_peripheral_32MX795F512L.a(eth_ack_packet_lib.o)
 .comment       0x00000000       0x3d c:/program files (x86)/microchip/xc32/v1.44/bin/bin/../../lib/gcc/pic32mx/4.8.3/../../../../pic32mx/lib\libmchp_peripheral_32MX795F512L.a(eth_descriptors_add_lib.o)
 .comment       0x00000000       0x3d c:/program files (x86)/microchip/xc32/v1.44/bin/bin/../../lib/gcc/pic32mx/4.8.3/../../../../pic32mx/lib\libmchp_peripheral_32MX795F512L.a(eth_init_lib.o)
 .comment       0x00000000       0x3d c:/program files (x86)/microchip/xc32/v1.44/bin/bin/../../lib/gcc/pic32mx/4.8.3/../../../../pic32mx/lib\libmchp_peripheral_32MX795F512L.a(eth_mac_open_lib.o)
 .comment       0x00000000       0x3d c:/program files (x86)/microchip/xc32/v1.44/bin/bin/../../lib/gcc/pic32mx/4.8.3/../../../../pic32mx/lib\libmchp_peripheral_32MX795F512L.a(eth_mac_set_address_max_lib.o)
 .comment       0x00000000       0x3d c:/program files (x86)/microchip/xc32/v1.44/bin/bin/../../lib/gcc/pic32mx/4.8.3/../../../../pic32mx/lib\libmchp_peripheral_32MX795F512L.a(eth_rx_buffers_append_lib.o)
 .comment       0x00000000       0x3d c:/program files (x86)/microchip/xc32/v1.44/bin/bin/../../lib/gcc/pic32mx/4.8.3/../../../../pic32mx/lib\libmchp_peripheral_32MX795F512L.a(eth_rx_filters_lib.o)
 .comment       0x00000000       0x3d c:/program files (x86)/microchip/xc32/v1.44/bin/bin/../../lib/gcc/pic32mx/4.8.3/../../../../pic32mx/lib\libmchp_peripheral_32MX795F512L.a(eth_rx_get_packet_lib.o)
 .comment       0x00000000       0x3d c:/program files (x86)/microchip/xc32/v1.44/bin/bin/../../lib/gcc/pic32mx/4.8.3/../../../../pic32mx/lib\libmchp_peripheral_32MX795F512L.a(eth_rx_set_buffer_size_lib.o)
 .comment       0x00000000       0x3d c:/program files (x86)/microchip/xc32/v1.44/bin/bin/../../lib/gcc/pic32mx/4.8.3/../../../../pic32mx/lib\libmchp_peripheral_32MX795F512L.a(eth_tx_packet_lib.o)
 .comment       0x00000000       0x3d c:/program files (x86)/microchip/xc32/v1.44/bin/bin/../../lib/gcc/pic32mx/4.8.3/../../../../pic32mx/lib\libmchp_peripheral_32MX795F512L.a(_eth_append_busy_list_lib.o)
 .comment       0x00000000       0x3d c:/program files (x86)/microchip/xc32/v1.44/bin/bin/../../lib/gcc/pic32mx/4.8.3/../../../../pic32mx/lib\libmchp_peripheral_32MX795F512L.a(eth_miim_access.o)
 .comment       0x00000000       0x3d c:/program files (x86)/microchip/xc32/v1.44/bin/bin/../../lib/gcc/pic32mx/4.8.3/../../../../pic32mx/lib\libmchp_peripheral_32MX795F512L.a(pcache.o)
 .comment       0x00000000       0x3d c:/program files (x86)/microchip/xc32/v1.44/bin/bin/../../lib/gcc/pic32mx/4.8.3/../../../../pic32mx/lib\libmchp_peripheral_32MX795F512L.a(int_disable_interrupts_lib.o)
 .comment       0x00000000       0x3d c:/program files (x86)/microchip/xc32/v1.44/bin/bin/../../lib/gcc/pic32mx/4.8.3/../../../../pic32mx/lib\libmchp_peripheral_32MX795F512L.a(int_restore_interrupts_lib.o)
 .comment       0x00000000       0x3d c:/program files (x86)/microchip/xc32/v1.44/bin/bin/../../lib/gcc/pic32mx/4.8.3/../../../../pic32mx/lib\libmchp_peripheral_32MX795F512L.a(int_enable_mv_int_lib.o)
 .comment       0x00000000       0x3d c:/program files (x86)/microchip/xc32/v1.44/bin/bin/../../lib/gcc/pic32mx/4.8.3/../../../../pic32mx/lib\libmchp_peripheral_32MX795F512L.a(int_tbl_lib.o)
 .comment       0x00000000       0x3d c:/program files (x86)/microchip/xc32/v1.44/bin/bin/../../lib/gcc/pic32mx/4.8.3/../../../../pic32mx/lib\libmchp_peripheral_32MX795F512L.a(port_set_pins_digital_in_lib.o)
 .comment       0x00000000       0x3d c:/program files (x86)/microchip/xc32/v1.44/bin/bin/../../lib/gcc/pic32mx/4.8.3/../../../../pic32mx/lib\libmchp_peripheral_32MX795F512L.a(port_set_pins_digital_out_lib.o)
 .comment       0x00000000       0x3d c:/program files (x86)/microchip/xc32/v1.44/bin/bin/../../lib/gcc/pic32mx/4.8.3/../../../../pic32mx/lib\libmchp_peripheral_32MX795F512L.a(port_clear_bits_lib.o)
 .comment       0x00000000       0x3d c:/program files (x86)/microchip/xc32/v1.44/bin/bin/../../lib/gcc/pic32mx/4.8.3/../../../../pic32mx/lib\libmchp_peripheral_32MX795F512L.a(port_set_bits_lib.o)
 .comment       0x00000000       0x3d c:/program files (x86)/microchip/xc32/v1.44/bin/bin/../../lib/gcc/pic32mx/4.8.3/../../../../pic32mx/lib\libmchp_peripheral_32MX795F512L.a(_ports_tbl_libp.o)
 .comment       0x00000000       0x3d c:/program files (x86)/microchip/xc32/v1.44/bin/bin/../../lib/gcc/pic32mx/4.8.3/../../../../pic32mx/lib\libmchp_peripheral_32MX795F512L.a(int_enable_interrupts_lib.o)
 .comment       0x00000000       0x3d c:/program files (x86)/microchip/xc32/v1.44/bin/bin/../../lib/gcc/pic32mx/4.8.3\libgcc.a(_udivdi3.o)
 .comment       0x00000078       0x18 c:/program files (x86)/microchip/xc32/v1.44/bin/bin/../../lib/gcc/pic32mx/4.8.3/../../../../pic32mx/lib\libpic32.a(memcmp.o)
                                 0x19 (size before relaxing)
 .comment       0x00000090       0x18 c:/program files (x86)/microchip/xc32/v1.44/bin/bin/../../lib/gcc/pic32mx/4.8.3/../../../../pic32mx/lib\libpic32.a(memset.o)
                                 0x19 (size before relaxing)
 .comment       0x000000a8       0x19 c:/program files (x86)/microchip/xc32/v1.44/bin/bin/../../lib/gcc/pic32mx/4.8.3/../../../../pic32mx/lib\libpic32.a(strlen.o)
                                 0x1a (size before relaxing)
 .comment       0x00000000       0x3d c:/program files (x86)/microchip/xc32/v1.44/bin/bin/../../lib/gcc/pic32mx/4.8.3/../../../../pic32mx/lib\libpic32.a(default-bootstrap-exception-handler.o)
 .comment       0x00000000       0x3d c:/program files (x86)/microchip/xc32/v1.44/bin/bin/../../lib/gcc/pic32mx/4.8.3/../../../../pic32mx/lib\libpic32.a(default-on-reset.o)
 .comment       0x00000000       0x3d c:/program files (x86)/microchip/xc32/v1.44/bin/bin/../../lib/gcc/pic32mx/4.8.3/../../../../pic32mx/lib\libpic32.a(default-on-bootstrap.o)
 .comment       0x00000000       0x3d c:/program files (x86)/microchip/xc32/v1.44/bin/bin/../../lib/gcc/pic32mx/4.8.3/../../../../pic32mx/lib\libpic32.a(defaultinterrupt.o)
 .comment       0x00000000       0x3d c:/program files (x86)/microchip/xc32/v1.44/bin/bin/../../lib/gcc/pic32mx/4.8.3/../../../../pic32mx/lib\libc.a(calloc.o)
 .comment       0x00000000       0x3d c:/program files (x86)/microchip/xc32/v1.44/bin/bin/../../lib/gcc/pic32mx/4.8.3/../../../../pic32mx/lib\libc.a(malloc.o)
 .comment       0x00000000       0x3d c:/program files (x86)/microchip/xc32/v1.44/bin/bin/../../lib/gcc/pic32mx/4.8.3/../../../../pic32mx/lib\libc.a(strncpy.o)
 .comment       0x000000c1       0x4b c:/program files (x86)/microchip/xc32/v1.44/bin/bin/../../lib/gcc/pic32mx/4.8.3/../../../../pic32mx/lib\libpic32.a(sbrk.o)
                                 0x88 (size before relaxing)
 .comment       0x00000000       0x3d c:/program files (x86)/microchip/xc32/v1.44/bin/bin/../../lib/gcc/pic32mx/4.8.3/../../../../pic32mx/lib\libpic32.a(errno.o)

.debug
 *(.debug)

.line
 *(.line)

.debug_srcinfo
 *(.debug_srcinfo)

.debug_sfnames
 *(.debug_sfnames)

.debug_aranges  0x00000000      0xbd8
 *(.debug_aranges)
 .debug_aranges
                0x00000000       0x18 build/default/production/_ext/1472/BerkeleyTCPClientDemo.o
 .debug_aranges
                0x00000018       0x18 build/default/production/_ext/1472/BerkeleyTCPServerDemo.o
 .debug_aranges
                0x00000030       0x18 build/default/production/_ext/1472/BerkeleyUDPClientDemo.o
 .debug_aranges
                0x00000048       0x18 build/default/production/_ext/1472/GenericTCPClient.o
 .debug_aranges
                0x00000060       0x18 build/default/production/_ext/1472/GenericTCPServer.o
 .debug_aranges
                0x00000078       0x18 build/default/production/_ext/1472/PingDemo.o
 .debug_aranges
                0x00000090       0x18 build/default/production/_ext/1472/SMTPDemo.o
 .debug_aranges
                0x000000a8       0x18 build/default/production/_ext/1472/UARTConfig.o
 .debug_aranges
                0x000000c0       0x20 build/default/production/_ext/1954962658/Announce.o
 .debug_aranges
                0x000000e0       0x18 build/default/production/_ext/1954962658/ARCFOUR.o
 .debug_aranges
                0x000000f8       0x20 build/default/production/_ext/1954962658/ARP.o
 .debug_aranges
                0x00000118       0x18 build/default/production/_ext/1954962658/AutoIP.o
 .debug_aranges
                0x00000130       0x18 build/default/production/_ext/1954962658/BerkeleyAPI.o
 .debug_aranges
                0x00000148       0x18 build/default/production/_ext/1954962658/BigInt.o
 .debug_aranges
                0x00000160       0x20 build/default/production/_ext/1954962658/Delay.o
 .debug_aranges
                0x00000180       0x18 build/default/production/_ext/1954962658/DHCP.o
 .debug_aranges
                0x00000198       0x20 build/default/production/_ext/1954962658/DHCPs.o
 .debug_aranges
                0x000001b8       0x18 build/default/production/_ext/1954962658/DNS.o
 .debug_aranges
                0x000001d0       0x18 build/default/production/_ext/1954962658/DNSs.o
 .debug_aranges
                0x000001e8       0x18 build/default/production/_ext/1954962658/DynDNS.o
 .debug_aranges
                0x00000200       0x18 build/default/production/_ext/1954962658/ENC28J60.o
 .debug_aranges
                0x00000218       0x18 build/default/production/_ext/1954962658/ENCX24J600.o
 .debug_aranges
                0x00000230       0x20 build/default/production/_ext/1954962658/ETHPIC32ExtPhy.o
 .debug_aranges
                0x00000250       0x20 build/default/production/_ext/1954962658/ETHPIC32IntMac.o
 .debug_aranges
                0x00000270       0x18 build/default/production/_ext/1954962658/FileSystem.o
 .debug_aranges
                0x00000288       0x18 build/default/production/_ext/1954962658/FTP.o
 .debug_aranges
                0x000002a0       0x18 build/default/production/_ext/1954962658/Hashes.o
 .debug_aranges
                0x000002b8       0x20 build/default/production/_ext/1954962658/Helpers.o
 .debug_aranges
                0x000002d8       0x18 build/default/production/_ext/1954962658/HTTP2.o
 .debug_aranges
                0x000002f0       0x20 build/default/production/_ext/1954962658/ICMP.o
 .debug_aranges
                0x00000310       0x20 build/default/production/_ext/1954962658/IP.o
 .debug_aranges
                0x00000330       0x18 build/default/production/_ext/1954962658/LCDBlocking.o
 .debug_aranges
                0x00000348       0x18 build/default/production/_ext/1954962658/MPFS2.o
 .debug_aranges
                0x00000360       0x18 build/default/production/_ext/1954962658/NBNS.o
 .debug_aranges
                0x00000378       0x18 build/default/production/_ext/1954962658/Random.o
 .debug_aranges
                0x00000390       0x18 build/default/production/_ext/1954962658/Reboot.o
 .debug_aranges
                0x000003a8       0x18 build/default/production/_ext/1954962658/RSA.o
 .debug_aranges
                0x000003c0       0x18 build/default/production/_ext/1954962658/SMTP.o
 .debug_aranges
                0x000003d8       0x18 build/default/production/_ext/1954962658/SNMP.o
 .debug_aranges
                0x000003f0       0x18 build/default/production/_ext/1954962658/SNMPv3.o
 .debug_aranges
                0x00000408       0x18 build/default/production/_ext/1954962658/SNMPv3USM.o
 .debug_aranges
                0x00000420       0x18 build/default/production/_ext/1954962658/SNTP.o
 .debug_aranges
                0x00000438       0x18 build/default/production/_ext/1954962658/SPIEEPROM.o
 .debug_aranges
                0x00000450       0x18 build/default/production/_ext/1954962658/SPIFlash.o
 .debug_aranges
                0x00000468       0x18 build/default/production/_ext/1954962658/SPIRAM.o
 .debug_aranges
                0x00000480       0x18 build/default/production/_ext/1954962658/SSL.o
 .debug_aranges
                0x00000498       0x20 build/default/production/_ext/1954962658/StackTsk.o
 .debug_aranges
                0x000004b8       0x18 build/default/production/_ext/1954962658/TCP.o
 .debug_aranges
                0x000004d0       0x18 build/default/production/_ext/1954962658/TCPPerformanceTest.o
 .debug_aranges
                0x000004e8       0x18 build/default/production/_ext/1954962658/Telnet.o
 .debug_aranges
                0x00000500       0x18 build/default/production/_ext/1954962658/TFTPc.o
 .debug_aranges
                0x00000518       0x20 build/default/production/_ext/1954962658/Tick.o
 .debug_aranges
                0x00000538       0x18 build/default/production/_ext/1954962658/UART2TCPBridge.o
 .debug_aranges
                0x00000550       0x18 build/default/production/_ext/1954962658/UART.o
 .debug_aranges
                0x00000568       0x20 build/default/production/_ext/1954962658/UDP.o
 .debug_aranges
                0x00000588       0x18 build/default/production/_ext/1954962658/UDPPerformanceTest.o
 .debug_aranges
                0x000005a0       0x18 build/default/production/_ext/1954962658/ZeroconfHelper.o
 .debug_aranges
                0x000005b8       0x18 build/default/production/_ext/1954962658/ZeroconfLinkLocal.o
 .debug_aranges
                0x000005d0       0x18 build/default/production/_ext/1954962658/ZeroconfMulticastDNS.o
 .debug_aranges
                0x000005e8       0x18 build/default/production/_ext/1472/MPFSImg2.o
 .debug_aranges
                0x00000600       0x20 build/default/production/_ext/1954962658/ETHPIC32ExtPhySMSC8720.o
 .debug_aranges
                0x00000620       0x18 build/default/production/_ext/1472/CustomHTTPApp.o
 .debug_aranges
                0x00000638       0x18 build/default/production/_ext/1472/CustomSNMPApp.o
 .debug_aranges
                0x00000650       0x18 build/default/production/_ext/1472/CustomSSLCert.o
 .debug_aranges
                0x00000668       0x20 build/default/production/_ext/1472/MainDemo.o
 .debug_aranges
                0x00000688       0x18 build/default/production/_ext/1472/LEDTCPServer.o
 .debug_aranges
                0x000006a0       0x20 c:/program files (x86)/microchip/xc32/v1.44/bin/bin/../../lib/gcc/pic32mx/4.8.3/../../../../pic32mx/lib\libmchp_peripheral.a(read_core_timer_lib.o)
 .debug_aranges
                0x000006c0       0x48 c:/program files (x86)/microchip/xc32/v1.44/bin/bin/../../lib/gcc/pic32mx/4.8.3/../../../../pic32mx/lib\libmchp_peripheral_32MX795F512L.a(eth_ack_packet_lib.o)
 .debug_aranges
                0x00000708       0x28 c:/program files (x86)/microchip/xc32/v1.44/bin/bin/../../lib/gcc/pic32mx/4.8.3/../../../../pic32mx/lib\libmchp_peripheral_32MX795F512L.a(eth_descriptors_add_lib.o)
 .debug_aranges
                0x00000730       0x20 c:/program files (x86)/microchip/xc32/v1.44/bin/bin/../../lib/gcc/pic32mx/4.8.3/../../../../pic32mx/lib\libmchp_peripheral_32MX795F512L.a(eth_init_lib.o)
 .debug_aranges
                0x00000750       0x20 c:/program files (x86)/microchip/xc32/v1.44/bin/bin/../../lib/gcc/pic32mx/4.8.3/../../../../pic32mx/lib\libmchp_peripheral_32MX795F512L.a(eth_mac_open_lib.o)
 .debug_aranges
                0x00000770       0x30 c:/program files (x86)/microchip/xc32/v1.44/bin/bin/../../lib/gcc/pic32mx/4.8.3/../../../../pic32mx/lib\libmchp_peripheral_32MX795F512L.a(eth_mac_set_address_max_lib.o)
 .debug_aranges
                0x000007a0       0x20 c:/program files (x86)/microchip/xc32/v1.44/bin/bin/../../lib/gcc/pic32mx/4.8.3/../../../../pic32mx/lib\libmchp_peripheral_32MX795F512L.a(eth_rx_buffers_append_lib.o)
 .debug_aranges
                0x000007c0       0x48 c:/program files (x86)/microchip/xc32/v1.44/bin/bin/../../lib/gcc/pic32mx/4.8.3/../../../../pic32mx/lib\libmchp_peripheral_32MX795F512L.a(eth_rx_filters_lib.o)
 .debug_aranges
                0x00000808       0x28 c:/program files (x86)/microchip/xc32/v1.44/bin/bin/../../lib/gcc/pic32mx/4.8.3/../../../../pic32mx/lib\libmchp_peripheral_32MX795F512L.a(eth_rx_get_packet_lib.o)
 .debug_aranges
                0x00000830       0x20 c:/program files (x86)/microchip/xc32/v1.44/bin/bin/../../lib/gcc/pic32mx/4.8.3/../../../../pic32mx/lib\libmchp_peripheral_32MX795F512L.a(eth_rx_set_buffer_size_lib.o)
 .debug_aranges
                0x00000850       0x48 c:/program files (x86)/microchip/xc32/v1.44/bin/bin/../../lib/gcc/pic32mx/4.8.3/../../../../pic32mx/lib\libmchp_peripheral_32MX795F512L.a(eth_tx_packet_lib.o)
 .debug_aranges
                0x00000898       0x20 c:/program files (x86)/microchip/xc32/v1.44/bin/bin/../../lib/gcc/pic32mx/4.8.3/../../../../pic32mx/lib\libmchp_peripheral_32MX795F512L.a(_eth_append_busy_list_lib.o)
 .debug_aranges
                0x000008b8       0x48 c:/program files (x86)/microchip/xc32/v1.44/bin/bin/../../lib/gcc/pic32mx/4.8.3/../../../../pic32mx/lib\libmchp_peripheral_32MX795F512L.a(eth_miim_access.o)
 .debug_aranges
                0x00000900       0x28 c:/program files (x86)/microchip/xc32/v1.44/bin/bin/../../lib/gcc/pic32mx/4.8.3/../../../../pic32mx/lib\libmchp_peripheral_32MX795F512L.a(pcache.o)
 .debug_aranges
                0x00000928       0x20 c:/program files (x86)/microchip/xc32/v1.44/bin/bin/../../lib/gcc/pic32mx/4.8.3/../../../../pic32mx/lib\libmchp_peripheral_32MX795F512L.a(int_disable_interrupts_lib.o)
 .debug_aranges
                0x00000948       0x20 c:/program files (x86)/microchip/xc32/v1.44/bin/bin/../../lib/gcc/pic32mx/4.8.3/../../../../pic32mx/lib\libmchp_peripheral_32MX795F512L.a(int_restore_interrupts_lib.o)
 .debug_aranges
                0x00000968       0x20 c:/program files (x86)/microchip/xc32/v1.44/bin/bin/../../lib/gcc/pic32mx/4.8.3/../../../../pic32mx/lib\libmchp_peripheral_32MX795F512L.a(int_enable_mv_int_lib.o)
 .debug_aranges
                0x00000988       0x60 c:/program files (x86)/microchip/xc32/v1.44/bin/bin/../../lib/gcc/pic32mx/4.8.3/../../../../pic32mx/lib\libmchp_peripheral_32MX795F512L.a(int_tbl_lib.o)
 .debug_aranges
                0x000009e8       0x20 c:/program files (x86)/microchip/xc32/v1.44/bin/bin/../../lib/gcc/pic32mx/4.8.3/../../../../pic32mx/lib\libmchp_peripheral_32MX795F512L.a(port_set_pins_digital_in_lib.o)
 .debug_aranges
                0x00000a08       0x20 c:/program files (x86)/microchip/xc32/v1.44/bin/bin/../../lib/gcc/pic32mx/4.8.3/../../../../pic32mx/lib\libmchp_peripheral_32MX795F512L.a(port_set_pins_digital_out_lib.o)
 .debug_aranges
                0x00000a28       0x20 c:/program files (x86)/microchip/xc32/v1.44/bin/bin/../../lib/gcc/pic32mx/4.8.3/../../../../pic32mx/lib\libmchp_peripheral_32MX795F512L.a(port_clear_bits_lib.o)
 .debug_aranges
                0x00000a48       0x20 c:/program files (x86)/microchip/xc32/v1.44/bin/bin/../../lib/gcc/pic32mx/4.8.3/../../../../pic32mx/lib\libmchp_peripheral_32MX795F512L.a(port_set_bits_lib.o)
 .debug_aranges
                0x00000a68       0x20 c:/program files (x86)/microchip/xc32/v1.44/bin/bin/../../lib/gcc/pic32mx/4.8.3/../../../../pic32mx/lib\libmchp_peripheral_32MX795F512L.a(int_enable_interrupts_lib.o)
 .debug_aranges
                0x00000a88       0x20 c:/program files (x86)/microchip/xc32/v1.44/bin/bin/../../lib/gcc/pic32mx/4.8.3\libgcc.a(_udivdi3.o)
 .debug_aranges
                0x00000aa8       0x20 c:/program files (x86)/microchip/xc32/v1.44/bin/bin/../../lib/gcc/pic32mx/4.8.3/../../../../pic32mx/lib\libpic32.a(default-bootstrap-exception-handler.o)
 .debug_aranges
                0x00000ac8       0x20 c:/program files (x86)/microchip/xc32/v1.44/bin/bin/../../lib/gcc/pic32mx/4.8.3/../../../../pic32mx/lib\libpic32.a(default-on-reset.o)
 .debug_aranges
                0x00000ae8       0x20 c:/program files (x86)/microchip/xc32/v1.44/bin/bin/../../lib/gcc/pic32mx/4.8.3/../../../../pic32mx/lib\libpic32.a(default-on-bootstrap.o)
 .debug_aranges
                0x00000b08       0x20 c:/program files (x86)/microchip/xc32/v1.44/bin/bin/../../lib/gcc/pic32mx/4.8.3/../../../../pic32mx/lib\libpic32.a(defaultinterrupt.o)
 .debug_aranges
                0x00000b28       0x20 c:/program files (x86)/microchip/xc32/v1.44/bin/bin/../../lib/gcc/pic32mx/4.8.3/../../../../pic32mx/lib\libc.a(calloc.o)
 .debug_aranges
                0x00000b48       0x30 c:/program files (x86)/microchip/xc32/v1.44/bin/bin/../../lib/gcc/pic32mx/4.8.3/../../../../pic32mx/lib\libc.a(malloc.o)
 .debug_aranges
                0x00000b78       0x20 c:/program files (x86)/microchip/xc32/v1.44/bin/bin/../../lib/gcc/pic32mx/4.8.3/../../../../pic32mx/lib\libc.a(strncpy.o)
 .debug_aranges
                0x00000b98       0x40 c:/program files (x86)/microchip/xc32/v1.44/bin/bin/../../lib/gcc/pic32mx/4.8.3/../../../../pic32mx/lib\libpic32.a(sbrk.o)

.debug_pubnames
 *(.debug_pubnames)

.debug_info     0x00000000    0x4e8e6
 *(.debug_info .gnu.linkonce.wi.*)
 .debug_info    0x00000000      0xfc6 build/default/production/_ext/1472/BerkeleyTCPClientDemo.o
 .debug_info    0x00000fc6      0xfc6 build/default/production/_ext/1472/BerkeleyTCPServerDemo.o
 .debug_info    0x00001f8c      0xfc6 build/default/production/_ext/1472/BerkeleyUDPClientDemo.o
 .debug_info    0x00002f52      0xfc1 build/default/production/_ext/1472/GenericTCPClient.o
 .debug_info    0x00003f13      0xfc1 build/default/production/_ext/1472/GenericTCPServer.o
 .debug_info    0x00004ed4      0xfb9 build/default/production/_ext/1472/PingDemo.o
 .debug_info    0x00005e8d      0xfb9 build/default/production/_ext/1472/SMTPDemo.o
 .debug_info    0x00006e46      0xfbb build/default/production/_ext/1472/UARTConfig.o
 .debug_info    0x00007e01     0x19bf build/default/production/_ext/1954962658/Announce.o
 .debug_info    0x000097c0      0xfd4 build/default/production/_ext/1954962658/ARCFOUR.o
 .debug_info    0x0000a794     0x1a05 build/default/production/_ext/1954962658/ARP.o
 .debug_info    0x0000c199      0xfd3 build/default/production/_ext/1954962658/AutoIP.o
 .debug_info    0x0000d16c      0xfd8 build/default/production/_ext/1954962658/BerkeleyAPI.o
 .debug_info    0x0000e144      0xfd3 build/default/production/_ext/1954962658/BigInt.o
 .debug_info    0x0000f117     0x1071 build/default/production/_ext/1954962658/Delay.o
 .debug_info    0x00010188      0xfd1 build/default/production/_ext/1954962658/DHCP.o
 .debug_info    0x00011159     0x1c19 build/default/production/_ext/1954962658/DHCPs.o
 .debug_info    0x00012d72      0xfd0 build/default/production/_ext/1954962658/DNS.o
 .debug_info    0x00013d42      0xfd1 build/default/production/_ext/1954962658/DNSs.o
 .debug_info    0x00014d13      0xfd3 build/default/production/_ext/1954962658/DynDNS.o
 .debug_info    0x00015ce6      0xfd5 build/default/production/_ext/1954962658/ENC28J60.o
 .debug_info    0x00016cbb      0xfd7 build/default/production/_ext/1954962658/ENCX24J600.o
 .debug_info    0x00017c92     0x2593 build/default/production/_ext/1954962658/ETHPIC32ExtPhy.o
 .debug_info    0x0001a225     0x2b92 build/default/production/_ext/1954962658/ETHPIC32IntMac.o
 .debug_info    0x0001cdb7      0xfd7 build/default/production/_ext/1954962658/FileSystem.o
 .debug_info    0x0001dd8e      0xfd0 build/default/production/_ext/1954962658/FTP.o
 .debug_info    0x0001ed5e      0xfd3 build/default/production/_ext/1954962658/Hashes.o
 .debug_info    0x0001fd31     0x22a6 build/default/production/_ext/1954962658/Helpers.o
 .debug_info    0x00021fd7      0xfd2 build/default/production/_ext/1954962658/HTTP2.o
 .debug_info    0x00022fa9     0x15d0 build/default/production/_ext/1954962658/ICMP.o
 .debug_info    0x00024579     0x19b4 build/default/production/_ext/1954962658/IP.o
 .debug_info    0x00025f2d      0xfd8 build/default/production/_ext/1954962658/LCDBlocking.o
 .debug_info    0x00026f05      0xfd2 build/default/production/_ext/1954962658/MPFS2.o
 .debug_info    0x00027ed7      0xfd1 build/default/production/_ext/1954962658/NBNS.o
 .debug_info    0x00028ea8      0xfd3 build/default/production/_ext/1954962658/Random.o
 .debug_info    0x00029e7b      0xfd3 build/default/production/_ext/1954962658/Reboot.o
 .debug_info    0x0002ae4e      0xfd0 build/default/production/_ext/1954962658/RSA.o
 .debug_info    0x0002be1e      0xfd1 build/default/production/_ext/1954962658/SMTP.o
 .debug_info    0x0002cdef      0xfd1 build/default/production/_ext/1954962658/SNMP.o
 .debug_info    0x0002ddc0      0xfd3 build/default/production/_ext/1954962658/SNMPv3.o
 .debug_info    0x0002ed93      0xfd6 build/default/production/_ext/1954962658/SNMPv3USM.o
 .debug_info    0x0002fd69      0xfd1 build/default/production/_ext/1954962658/SNTP.o
 .debug_info    0x00030d3a      0xfd6 build/default/production/_ext/1954962658/SPIEEPROM.o
 .debug_info    0x00031d10      0xfd5 build/default/production/_ext/1954962658/SPIFlash.o
 .debug_info    0x00032ce5      0xfd3 build/default/production/_ext/1954962658/SPIRAM.o
 .debug_info    0x00033cb8      0xfd0 build/default/production/_ext/1954962658/SSL.o
 .debug_info    0x00034c88     0x1878 build/default/production/_ext/1954962658/StackTsk.o
 .debug_info    0x00036500     0x1092 build/default/production/_ext/1954962658/TCP.o
 .debug_info    0x00037592      0xfdf build/default/production/_ext/1954962658/TCPPerformanceTest.o
 .debug_info    0x00038571      0xfd3 build/default/production/_ext/1954962658/Telnet.o
 .debug_info    0x00039544      0xfd2 build/default/production/_ext/1954962658/TFTPc.o
 .debug_info    0x0003a516     0x18ea build/default/production/_ext/1954962658/Tick.o
 .debug_info    0x0003be00      0xfdb build/default/production/_ext/1954962658/UART2TCPBridge.o
 .debug_info    0x0003cddb      0xfd1 build/default/production/_ext/1954962658/UART.o
 .debug_info    0x0003ddac     0x205c build/default/production/_ext/1954962658/UDP.o
 .debug_info    0x0003fe08      0xfdf build/default/production/_ext/1954962658/UDPPerformanceTest.o
 .debug_info    0x00040de7      0xfdb build/default/production/_ext/1954962658/ZeroconfHelper.o
 .debug_info    0x00041dc2      0xfde build/default/production/_ext/1954962658/ZeroconfLinkLocal.o
 .debug_info    0x00042da0      0xfe1 build/default/production/_ext/1954962658/ZeroconfMulticastDNS.o
 .debug_info    0x00043d81      0xfb9 build/default/production/_ext/1472/MPFSImg2.o
 .debug_info    0x00044d3a     0x14ad build/default/production/_ext/1954962658/ETHPIC32ExtPhySMSC8720.o
 .debug_info    0x000461e7      0xfbe build/default/production/_ext/1472/CustomHTTPApp.o
 .debug_info    0x000471a5      0xfbe build/default/production/_ext/1472/CustomSNMPApp.o
 .debug_info    0x00048163      0xfbe build/default/production/_ext/1472/CustomSSLCert.o
 .debug_info    0x00049121     0x24dc build/default/production/_ext/1472/MainDemo.o
 .debug_info    0x0004b5fd      0xfbd build/default/production/_ext/1472/LEDTCPServer.o
 .debug_info    0x0004c5ba       0xa8 c:/program files (x86)/microchip/xc32/v1.44/bin/bin/../../lib/gcc/pic32mx/4.8.3/../../../../pic32mx/lib\libmchp_peripheral.a(read_core_timer_lib.o)
 .debug_info    0x0004c662      0x16e c:/program files (x86)/microchip/xc32/v1.44/bin/bin/../../lib/gcc/pic32mx/4.8.3/../../../../pic32mx/lib\libmchp_peripheral_32MX795F512L.a(eth_ack_packet_lib.o)
 .debug_info    0x0004c7d0       0xf1 c:/program files (x86)/microchip/xc32/v1.44/bin/bin/../../lib/gcc/pic32mx/4.8.3/../../../../pic32mx/lib\libmchp_peripheral_32MX795F512L.a(eth_descriptors_add_lib.o)
 .debug_info    0x0004c8c1       0xbc c:/program files (x86)/microchip/xc32/v1.44/bin/bin/../../lib/gcc/pic32mx/4.8.3/../../../../pic32mx/lib\libmchp_peripheral_32MX795F512L.a(eth_init_lib.o)
 .debug_info    0x0004c97d       0xa0 c:/program files (x86)/microchip/xc32/v1.44/bin/bin/../../lib/gcc/pic32mx/4.8.3/../../../../pic32mx/lib\libmchp_peripheral_32MX795F512L.a(eth_mac_open_lib.o)
 .debug_info    0x0004ca1d       0xf2 c:/program files (x86)/microchip/xc32/v1.44/bin/bin/../../lib/gcc/pic32mx/4.8.3/../../../../pic32mx/lib\libmchp_peripheral_32MX795F512L.a(eth_mac_set_address_max_lib.o)
 .debug_info    0x0004cb0f       0xe4 c:/program files (x86)/microchip/xc32/v1.44/bin/bin/../../lib/gcc/pic32mx/4.8.3/../../../../pic32mx/lib\libmchp_peripheral_32MX795F512L.a(eth_rx_buffers_append_lib.o)
 .debug_info    0x0004cbf3      0x14a c:/program files (x86)/microchip/xc32/v1.44/bin/bin/../../lib/gcc/pic32mx/4.8.3/../../../../pic32mx/lib\libmchp_peripheral_32MX795F512L.a(eth_rx_filters_lib.o)
 .debug_info    0x0004cd3d       0xc7 c:/program files (x86)/microchip/xc32/v1.44/bin/bin/../../lib/gcc/pic32mx/4.8.3/../../../../pic32mx/lib\libmchp_peripheral_32MX795F512L.a(eth_rx_get_packet_lib.o)
 .debug_info    0x0004ce04       0xb2 c:/program files (x86)/microchip/xc32/v1.44/bin/bin/../../lib/gcc/pic32mx/4.8.3/../../../../pic32mx/lib\libmchp_peripheral_32MX795F512L.a(eth_rx_set_buffer_size_lib.o)
 .debug_info    0x0004ceb6      0x185 c:/program files (x86)/microchip/xc32/v1.44/bin/bin/../../lib/gcc/pic32mx/4.8.3/../../../../pic32mx/lib\libmchp_peripheral_32MX795F512L.a(eth_tx_packet_lib.o)
 .debug_info    0x0004d03b       0xd2 c:/program files (x86)/microchip/xc32/v1.44/bin/bin/../../lib/gcc/pic32mx/4.8.3/../../../../pic32mx/lib\libmchp_peripheral_32MX795F512L.a(_eth_append_busy_list_lib.o)
 .debug_info    0x0004d10d      0x146 c:/program files (x86)/microchip/xc32/v1.44/bin/bin/../../lib/gcc/pic32mx/4.8.3/../../../../pic32mx/lib\libmchp_peripheral_32MX795F512L.a(eth_miim_access.o)
 .debug_info    0x0004d253       0xbe c:/program files (x86)/microchip/xc32/v1.44/bin/bin/../../lib/gcc/pic32mx/4.8.3/../../../../pic32mx/lib\libmchp_peripheral_32MX795F512L.a(pcache.o)
 .debug_info    0x0004d311       0xb4 c:/program files (x86)/microchip/xc32/v1.44/bin/bin/../../lib/gcc/pic32mx/4.8.3/../../../../pic32mx/lib\libmchp_peripheral_32MX795F512L.a(int_disable_interrupts_lib.o)
 .debug_info    0x0004d3c5       0xb4 c:/program files (x86)/microchip/xc32/v1.44/bin/bin/../../lib/gcc/pic32mx/4.8.3/../../../../pic32mx/lib\libmchp_peripheral_32MX795F512L.a(int_restore_interrupts_lib.o)
 .debug_info    0x0004d479       0xba c:/program files (x86)/microchip/xc32/v1.44/bin/bin/../../lib/gcc/pic32mx/4.8.3/../../../../pic32mx/lib\libmchp_peripheral_32MX795F512L.a(int_enable_mv_int_lib.o)
 .debug_info    0x0004d533      0x19c c:/program files (x86)/microchip/xc32/v1.44/bin/bin/../../lib/gcc/pic32mx/4.8.3/../../../../pic32mx/lib\libmchp_peripheral_32MX795F512L.a(int_tbl_lib.o)
 .debug_info    0x0004d6cf       0xb8 c:/program files (x86)/microchip/xc32/v1.44/bin/bin/../../lib/gcc/pic32mx/4.8.3/../../../../pic32mx/lib\libmchp_peripheral_32MX795F512L.a(port_set_pins_digital_in_lib.o)
 .debug_info    0x0004d787       0xba c:/program files (x86)/microchip/xc32/v1.44/bin/bin/../../lib/gcc/pic32mx/4.8.3/../../../../pic32mx/lib\libmchp_peripheral_32MX795F512L.a(port_set_pins_digital_out_lib.o)
 .debug_info    0x0004d841       0xa8 c:/program files (x86)/microchip/xc32/v1.44/bin/bin/../../lib/gcc/pic32mx/4.8.3/../../../../pic32mx/lib\libmchp_peripheral_32MX795F512L.a(port_clear_bits_lib.o)
 .debug_info    0x0004d8e9       0xa4 c:/program files (x86)/microchip/xc32/v1.44/bin/bin/../../lib/gcc/pic32mx/4.8.3/../../../../pic32mx/lib\libmchp_peripheral_32MX795F512L.a(port_set_bits_lib.o)
 .debug_info    0x0004d98d       0xb2 c:/program files (x86)/microchip/xc32/v1.44/bin/bin/../../lib/gcc/pic32mx/4.8.3/../../../../pic32mx/lib\libmchp_peripheral_32MX795F512L.a(int_enable_interrupts_lib.o)
 .debug_info    0x0004da3f      0x76f c:/program files (x86)/microchip/xc32/v1.44/bin/bin/../../lib/gcc/pic32mx/4.8.3\libgcc.a(_udivdi3.o)
 .debug_info    0x0004e1ae       0xf5 c:/program files (x86)/microchip/xc32/v1.44/bin/bin/../../lib/gcc/pic32mx/4.8.3/../../../../pic32mx/lib\libpic32.a(default-bootstrap-exception-handler.o)
 .debug_info    0x0004e2a3       0xce c:/program files (x86)/microchip/xc32/v1.44/bin/bin/../../lib/gcc/pic32mx/4.8.3/../../../../pic32mx/lib\libpic32.a(default-on-reset.o)
 .debug_info    0x0004e371       0xd6 c:/program files (x86)/microchip/xc32/v1.44/bin/bin/../../lib/gcc/pic32mx/4.8.3/../../../../pic32mx/lib\libpic32.a(default-on-bootstrap.o)
 .debug_info    0x0004e447       0xe8 c:/program files (x86)/microchip/xc32/v1.44/bin/bin/../../lib/gcc/pic32mx/4.8.3/../../../../pic32mx/lib\libpic32.a(defaultinterrupt.o)